Archive member included to satisfy reference by file (symbol)

c:/st/stm32cubeide_1.3.0/stm32cubeide/plugins/com.st.stm32cube.ide.mcu.externaltools.gnu-tools-for-stm32.7-2018-q2-update.win32_1.4.0.202007081208/tools/bin/../lib/gcc/arm-none-eabi/7.3.1/../../../../arm-none-eabi/lib/thumb/v7-m\libc_nano.a(lib_a-errno.o)
                              Core/Src/syscalls.o (__errno)
c:/st/stm32cubeide_1.3.0/stm32cubeide/plugins/com.st.stm32cube.ide.mcu.externaltools.gnu-tools-for-stm32.7-2018-q2-update.win32_1.4.0.202007081208/tools/bin/../lib/gcc/arm-none-eabi/7.3.1/../../../../arm-none-eabi/lib/thumb/v7-m\libc_nano.a(lib_a-exit.o)
                              c:/st/stm32cubeide_1.3.0/stm32cubeide/plugins/com.st.stm32cube.ide.mcu.externaltools.gnu-tools-for-stm32.7-2018-q2-update.win32_1.4.0.202007081208/tools/bin/../lib/gcc/arm-none-eabi/7.3.1/../../../../arm-none-eabi/lib/thumb/v7-m/crt0.o (exit)
c:/st/stm32cubeide_1.3.0/stm32cubeide/plugins/com.st.stm32cube.ide.mcu.externaltools.gnu-tools-for-stm32.7-2018-q2-update.win32_1.4.0.202007081208/tools/bin/../lib/gcc/arm-none-eabi/7.3.1/../../../../arm-none-eabi/lib/thumb/v7-m\libc_nano.a(lib_a-impure.o)
                              c:/st/stm32cubeide_1.3.0/stm32cubeide/plugins/com.st.stm32cube.ide.mcu.externaltools.gnu-tools-for-stm32.7-2018-q2-update.win32_1.4.0.202007081208/tools/bin/../lib/gcc/arm-none-eabi/7.3.1/../../../../arm-none-eabi/lib/thumb/v7-m\libc_nano.a(lib_a-exit.o) (_global_impure_ptr)
c:/st/stm32cubeide_1.3.0/stm32cubeide/plugins/com.st.stm32cube.ide.mcu.externaltools.gnu-tools-for-stm32.7-2018-q2-update.win32_1.4.0.202007081208/tools/bin/../lib/gcc/arm-none-eabi/7.3.1/../../../../arm-none-eabi/lib/thumb/v7-m\libc_nano.a(lib_a-init.o)
                              c:/st/stm32cubeide_1.3.0/stm32cubeide/plugins/com.st.stm32cube.ide.mcu.externaltools.gnu-tools-for-stm32.7-2018-q2-update.win32_1.4.0.202007081208/tools/bin/../lib/gcc/arm-none-eabi/7.3.1/../../../../arm-none-eabi/lib/thumb/v7-m/crt0.o (__libc_init_array)
c:/st/stm32cubeide_1.3.0/stm32cubeide/plugins/com.st.stm32cube.ide.mcu.externaltools.gnu-tools-for-stm32.7-2018-q2-update.win32_1.4.0.202007081208/tools/bin/../lib/gcc/arm-none-eabi/7.3.1/../../../../arm-none-eabi/lib/thumb/v7-m\libc_nano.a(lib_a-memset.o)
                              c:/st/stm32cubeide_1.3.0/stm32cubeide/plugins/com.st.stm32cube.ide.mcu.externaltools.gnu-tools-for-stm32.7-2018-q2-update.win32_1.4.0.202007081208/tools/bin/../lib/gcc/arm-none-eabi/7.3.1/../../../../arm-none-eabi/lib/thumb/v7-m/crt0.o (memset)

Allocating common symbols
Common symbol       size              file

htim4               0x48              Core/Src/main.o
uwTick              0x4               Drivers/STM32F1xx_HAL_Driver/Src/stm32f1xx_hal.o
pFlash              0x20              Drivers/STM32F1xx_HAL_Driver/Src/stm32f1xx_hal_flash.o
htim3               0x48              Core/Src/main.o
huart1              0x40              Core/Src/main.o
ticks               0x4               Core/Src/main.o
huart2              0x40              Core/Src/main.o

Discarded input sections

 .text          0x0000000000000000        0x0 c:/st/stm32cubeide_1.3.0/stm32cubeide/plugins/com.st.stm32cube.ide.mcu.externaltools.gnu-tools-for-stm32.7-2018-q2-update.win32_1.4.0.202007081208/tools/bin/../lib/gcc/arm-none-eabi/7.3.1/thumb/v7-m/crti.o
 .data          0x0000000000000000        0x0 c:/st/stm32cubeide_1.3.0/stm32cubeide/plugins/com.st.stm32cube.ide.mcu.externaltools.gnu-tools-for-stm32.7-2018-q2-update.win32_1.4.0.202007081208/tools/bin/../lib/gcc/arm-none-eabi/7.3.1/thumb/v7-m/crti.o
 .bss           0x0000000000000000        0x0 c:/st/stm32cubeide_1.3.0/stm32cubeide/plugins/com.st.stm32cube.ide.mcu.externaltools.gnu-tools-for-stm32.7-2018-q2-update.win32_1.4.0.202007081208/tools/bin/../lib/gcc/arm-none-eabi/7.3.1/thumb/v7-m/crti.o
 .data          0x0000000000000000        0x4 c:/st/stm32cubeide_1.3.0/stm32cubeide/plugins/com.st.stm32cube.ide.mcu.externaltools.gnu-tools-for-stm32.7-2018-q2-update.win32_1.4.0.202007081208/tools/bin/../lib/gcc/arm-none-eabi/7.3.1/thumb/v7-m/crtbegin.o
 .text          0x0000000000000000       0x74 c:/st/stm32cubeide_1.3.0/stm32cubeide/plugins/com.st.stm32cube.ide.mcu.externaltools.gnu-tools-for-stm32.7-2018-q2-update.win32_1.4.0.202007081208/tools/bin/../lib/gcc/arm-none-eabi/7.3.1/../../../../arm-none-eabi/lib/thumb/v7-m/crt0.o
 .data          0x0000000000000000        0x0 c:/st/stm32cubeide_1.3.0/stm32cubeide/plugins/com.st.stm32cube.ide.mcu.externaltools.gnu-tools-for-stm32.7-2018-q2-update.win32_1.4.0.202007081208/tools/bin/../lib/gcc/arm-none-eabi/7.3.1/../../../../arm-none-eabi/lib/thumb/v7-m/crt0.o
 .bss           0x0000000000000000        0x0 c:/st/stm32cubeide_1.3.0/stm32cubeide/plugins/com.st.stm32cube.ide.mcu.externaltools.gnu-tools-for-stm32.7-2018-q2-update.win32_1.4.0.202007081208/tools/bin/../lib/gcc/arm-none-eabi/7.3.1/../../../../arm-none-eabi/lib/thumb/v7-m/crt0.o
[...]
Memory Configuration

Name             Origin             Length             Attributes
RAM              0x0000000020000000 0x0000000000005000 xrw
FLASH            0x0000000008000000 0x0000000000010000 xr
*default*        0x0000000000000000 0xffffffffffffffff

Linker script and memory map

LOAD c:/st/stm32cubeide_1.3.0/stm32cubeide/plugins/com.st.stm32cube.ide.mcu.externaltools.gnu-tools-for-stm32.7-2018-q2-update.win32_1.4.0.202007081208/tools/bin/../lib/gcc/arm-none-eabi/7.3.1/thumb/v7-m/crti.o
LOAD c:/st/stm32cubeide_1.3.0/stm32cubeide/plugins/com.st.stm32cube.ide.mcu.externaltools.gnu-tools-for-stm32.7-2018-q2-update.win32_1.4.0.202007081208/tools/bin/../lib/gcc/arm-none-eabi/7.3.1/thumb/v7-m/crtbegin.o
LOAD c:/st/stm32cubeide_1.3.0/stm32cubeide/plugins/com.st.stm32cube.ide.mcu.externaltools.gnu-tools-for-stm32.7-2018-q2-update.win32_1.4.0.202007081208/tools/bin/../lib/gcc/arm-none-eabi/7.3.1/../../../../arm-none-eabi/lib/thumb/v7-m/crt0.o
LOAD Core/Src/main.o
LOAD Core/Src/stm32f1xx_hal_msp.o
LOAD Core/Src/stm32f1xx_it.o
LOAD Core/Src/syscalls.o
LOAD Core/Src/sysmem.o
LOAD Core/Src/system_stm32f1xx.o
LOAD Core/Startup/startup_stm32f103c8tx.o
LOAD Drivers/STM32F1xx_HAL_Driver/Src/stm32f1xx_hal.o
LOAD Drivers/STM32F1xx_HAL_Driver/Src/stm32f1xx_hal_cortex.o
LOAD Drivers/STM32F1xx_HAL_Driver/Src/stm32f1xx_hal_dma.o
LOAD Drivers/STM32F1xx_HAL_Driver/Src/stm32f1xx_hal_exti.o
LOAD Drivers/STM32F1xx_HAL_Driver/Src/stm32f1xx_hal_flash.o
LOAD Drivers/STM32F1xx_HAL_Driver/Src/stm32f1xx_hal_flash_ex.o
LOAD Drivers/STM32F1xx_HAL_Driver/Src/stm32f1xx_hal_gpio.o
LOAD Drivers/STM32F1xx_HAL_Driver/Src/stm32f1xx_hal_gpio_ex.o
LOAD Drivers/STM32F1xx_HAL_Driver/Src/stm32f1xx_hal_pwr.o
LOAD Drivers/STM32F1xx_HAL_Driver/Src/stm32f1xx_hal_rcc.o
LOAD Drivers/STM32F1xx_HAL_Driver/Src/stm32f1xx_hal_rcc_ex.o
LOAD Drivers/STM32F1xx_HAL_Driver/Src/stm32f1xx_hal_tim.o
LOAD Drivers/STM32F1xx_HAL_Driver/Src/stm32f1xx_hal_tim_ex.o
LOAD Drivers/STM32F1xx_HAL_Driver/Src/stm32f1xx_hal_uart.o
START GROUP
LOAD c:/st/stm32cubeide_1.3.0/stm32cubeide/plugins/com.st.stm32cube.ide.mcu.externaltools.gnu-tools-for-stm32.7-2018-q2-update.win32_1.4.0.202007081208/tools/bin/../lib/gcc/arm-none-eabi/7.3.1/../../../../arm-none-eabi/lib/thumb/v7-m\libc_nano.a
LOAD c:/st/stm32cubeide_1.3.0/stm32cubeide/plugins/com.st.stm32cube.ide.mcu.externaltools.gnu-tools-for-stm32.7-2018-q2-update.win32_1.4.0.202007081208/tools/bin/../lib/gcc/arm-none-eabi/7.3.1/../../../../arm-none-eabi/lib/thumb/v7-m\libm.a
END GROUP
START GROUP
LOAD c:/st/stm32cubeide_1.3.0/stm32cubeide/plugins/com.st.stm32cube.ide.mcu.externaltools.gnu-tools-for-stm32.7-2018-q2-update.win32_1.4.0.202007081208/tools/bin/../lib/gcc/arm-none-eabi/7.3.1/thumb/v7-m\libgcc.a
LOAD c:/st/stm32cubeide_1.3.0/stm32cubeide/plugins/com.st.stm32cube.ide.mcu.externaltools.gnu-tools-for-stm32.7-2018-q2-update.win32_1.4.0.202007081208/tools/bin/../lib/gcc/arm-none-eabi/7.3.1/../../../../arm-none-eabi/lib/thumb/v7-m\libc_nano.a
END GROUP
START GROUP
LOAD c:/st/stm32cubeide_1.3.0/stm32cubeide/plugins/com.st.stm32cube.ide.mcu.externaltools.gnu-tools-for-stm32.7-2018-q2-update.win32_1.4.0.202007081208/tools/bin/../lib/gcc/arm-none-eabi/7.3.1/thumb/v7-m\libgcc.a
LOAD c:/st/stm32cubeide_1.3.0/stm32cubeide/plugins/com.st.stm32cube.ide.mcu.externaltools.gnu-tools-for-stm32.7-2018-q2-update.win32_1.4.0.202007081208/tools/bin/../lib/gcc/arm-none-eabi/7.3.1/../../../../arm-none-eabi/lib/thumb/v7-m\libc_nano.a
LOAD c:/st/stm32cubeide_1.3.0/stm32cubeide/plugins/com.st.stm32cube.ide.mcu.externaltools.gnu-tools-for-stm32.7-2018-q2-update.win32_1.4.0.202007081208/tools/bin/../lib/gcc/arm-none-eabi/7.3.1/../../../../arm-none-eabi/lib/thumb/v7-m\libnosys.a
END GROUP
START GROUP
LOAD c:/st/stm32cubeide_1.3.0/stm32cubeide/plugins/com.st.stm32cube.ide.mcu.externaltools.gnu-tools-for-stm32.7-2018-q2-update.win32_1.4.0.202007081208/tools/bin/../lib/gcc/arm-none-eabi/7.3.1/thumb/v7-m\libgcc.a
LOAD c:/st/stm32cubeide_1.3.0/stm32cubeide/plugins/com.st.stm32cube.ide.mcu.externaltools.gnu-tools-for-stm32.7-2018-q2-update.win32_1.4.0.202007081208/tools/bin/../lib/gcc/arm-none-eabi/7.3.1/../../../../arm-none-eabi/lib/thumb/v7-m\libc_nano.a
LOAD c:/st/stm32cubeide_1.3.0/stm32cubeide/plugins/com.st.stm32cube.ide.mcu.externaltools.gnu-tools-for-stm32.7-2018-q2-update.win32_1.4.0.202007081208/tools/bin/../lib/gcc/arm-none-eabi/7.3.1/../../../../arm-none-eabi/lib/thumb/v7-m\libnosys.a
END GROUP
LOAD c:/st/stm32cubeide_1.3.0/stm32cubeide/plugins/com.st.stm32cube.ide.mcu.externaltools.gnu-tools-for-stm32.7-2018-q2-update.win32_1.4.0.202007081208/tools/bin/../lib/gcc/arm-none-eabi/7.3.1/thumb/v7-m/crtend.o
LOAD c:/st/stm32cubeide_1.3.0/stm32cubeide/plugins/com.st.stm32cube.ide.mcu.externaltools.gnu-tools-for-stm32.7-2018-q2-update.win32_1.4.0.202007081208/tools/bin/../lib/gcc/arm-none-eabi/7.3.1/thumb/v7-m/crtn.o
                0x0000000020005000                _estack = (ORIGIN (RAM) + LENGTH (RAM))
                0x0000000000000200                _Min_Heap_Size = 0x200
                0x0000000000000400                _Min_Stack_Size = 0x400

.isr_vector     0x0000000008000000      0x10c
                0x0000000008000000                . = ALIGN (0x4)
 *(.isr_vector)
 .isr_vector    0x0000000008000000      0x10c Core/Startup/startup_stm32f103c8tx.o
                0x0000000008000000                g_pfnVectors
                0x000000000800010c                . = ALIGN (0x4)

.text           0x000000000800010c     0x2ebc
                0x000000000800010c                . = ALIGN (0x4)
 *(.text)
 .text          0x000000000800010c       0x40 c:/st/stm32cubeide_1.3.0/stm32cubeide/plugins/com.st.stm32cube.ide.mcu.externaltools.gnu-tools-for-stm32.7-2018-q2-update.win32_1.4.0.202007081208/tools/bin/../lib/gcc/arm-none-eabi/7.3.1/thumb/v7-m/crtbegin.o
 *(.text*)
 .text.main     0x000000000800014c      0x374 Core/Src/main.o
                0x000000000800014c                main
 .text.SystemClock_Config
                0x00000000080004c0       0x8a Core/Src/main.o
                0x00000000080004c0                SystemClock_Config
 *fill*         0x000000000800054a        0x2 
 .text.MX_TIM3_Init
                0x000000000800054c       0x9c Core/Src/main.o
 .text.MX_TIM4_Init
                0x00000000080005e8       0x9c Core/Src/main.o
 .text.MX_USART1_UART_Init
                0x0000000008000684       0x54 Core/Src/main.o
 .text.MX_USART2_UART_Init
                0x00000000080006d8       0x54 Core/Src/main.o
 .text.MX_GPIO_Init
                0x000000000800072c       0xdc Core/Src/main.o
 .text.GSM_Init
                0x0000000008000808       0x7c Core/Src/main.o
                0x0000000008000808                GSM_Init
 .text.HAL_UART_TxCpltCallback
                0x0000000008000884       0x3c Core/Src/main.o
                0x0000000008000884                HAL_UART_TxCpltCallback
 .text.GSM_Send
                0x00000000080008c0       0x2c Core/Src/main.o
                0x00000000080008c0                GSM_Send
 .text.HAL_TIM_PeriodElapsedCallback
                0x00000000080008ec      0x258 Core/Src/main.o
                0x00000000080008ec                HAL_TIM_PeriodElapsedCallback
 .text.Error_Handler
                0x0000000008000b44        0xc Core/Src/main.o
                0x0000000008000b44                Error_Handler
 .text.HAL_MspInit
                0x0000000008000b50       0x64 Core/Src/stm32f1xx_hal_msp.o
                0x0000000008000b50                HAL_MspInit
 .text.HAL_TIM_Base_MspInit
                0x0000000008000bb4       0x74 Core/Src/stm32f1xx_hal_msp.o
                0x0000000008000bb4                HAL_TIM_Base_MspInit
 .text.HAL_UART_MspInit
                0x0000000008000c28      0x128 Core/Src/stm32f1xx_hal_msp.o
                0x0000000008000c28                HAL_UART_MspInit
 .text.NMI_Handler
                0x0000000008000d50        0xc Core/Src/stm32f1xx_it.o
                0x0000000008000d50                NMI_Handler
 .text.HardFault_Handler
                0x0000000008000d5c        0x6 Core/Src/stm32f1xx_it.o
                0x0000000008000d5c                HardFault_Handler
 .text.MemManage_Handler
                0x0000000008000d62        0x6 Core/Src/stm32f1xx_it.o
                0x0000000008000d62                MemManage_Handler
 .text.BusFault_Handler
                0x0000000008000d68        0x6 Core/Src/stm32f1xx_it.o
                0x0000000008000d68                BusFault_Handler
 .text.UsageFault_Handler
                0x0000000008000d6e        0x6 Core/Src/stm32f1xx_it.o
                0x0000000008000d6e                UsageFault_Handler
 .text.SVC_Handler
                0x0000000008000d74        0xc Core/Src/stm32f1xx_it.o
                0x0000000008000d74                SVC_Handler
 .text.DebugMon_Handler
                0x0000000008000d80        0xc Core/Src/stm32f1xx_it.o
                0x0000000008000d80                DebugMon_Handler
 .text.PendSV_Handler
                0x0000000008000d8c        0xc Core/Src/stm32f1xx_it.o
                0x0000000008000d8c                PendSV_Handler
 .text.SysTick_Handler
                0x0000000008000d98        0xc Core/Src/stm32f1xx_it.o
                0x0000000008000d98                SysTick_Handler
 .text.TIM4_IRQHandler
                0x0000000008000da4       0x14 Core/Src/stm32f1xx_it.o
                0x0000000008000da4                TIM4_IRQHandler
 .text.USART1_IRQHandler
                0x0000000008000db8       0x14 Core/Src/stm32f1xx_it.o
                0x0000000008000db8                USART1_IRQHandler
 .text.USART2_IRQHandler
                0x0000000008000dcc       0x14 Core/Src/stm32f1xx_it.o
                0x0000000008000dcc                USART2_IRQHandler
 .text.SystemInit
                0x0000000008000de0        0xc Core/Src/system_stm32f1xx.o
                0x0000000008000de0                SystemInit
 .text.Reset_Handler
                0x0000000008000dec       0x48 Core/Startup/startup_stm32f103c8tx.o
                0x0000000008000dec                Reset_Handler
 .text.Default_Handler
                0x0000000008000e34        0x2 Core/Startup/startup_stm32f103c8tx.o
                0x0000000008000e34                RTC_Alarm_IRQHandler
                0x0000000008000e34                EXTI2_IRQHandler
                0x0000000008000e34                TIM1_CC_IRQHandler
                0x0000000008000e34                PVD_IRQHandler
                0x0000000008000e34                EXTI3_IRQHandler
                0x0000000008000e34                EXTI0_IRQHandler
                0x0000000008000e34                I2C2_EV_IRQHandler
                0x0000000008000e34                ADC1_2_IRQHandler
                0x0000000008000e34                SPI1_IRQHandler
                0x0000000008000e34                TAMPER_IRQHandler
                0x0000000008000e34                DMA1_Channel4_IRQHandler
                0x0000000008000e34                USART3_IRQHandler
                0x0000000008000e34                RTC_IRQHandler
                0x0000000008000e34                DMA1_Channel7_IRQHandler
                0x0000000008000e34                CAN1_RX1_IRQHandler
                0x0000000008000e34                I2C1_EV_IRQHandler
                0x0000000008000e34                DMA1_Channel6_IRQHandler
                0x0000000008000e34                TIM3_IRQHandler
                0x0000000008000e34                RCC_IRQHandler
                0x0000000008000e34                TIM1_TRG_COM_IRQHandler
                0x0000000008000e34                DMA1_Channel1_IRQHandler
                0x0000000008000e34                Default_Handler
                0x0000000008000e34                EXTI15_10_IRQHandler
                0x0000000008000e34                EXTI9_5_IRQHandler
                0x0000000008000e34                SPI2_IRQHandler
                0x0000000008000e34                DMA1_Channel5_IRQHandler
                0x0000000008000e34                EXTI4_IRQHandler
                0x0000000008000e34                USB_LP_CAN1_RX0_IRQHandler
                0x0000000008000e34                USB_HP_CAN1_TX_IRQHandler
                0x0000000008000e34                DMA1_Channel3_IRQHandler
                0x0000000008000e34                TIM1_UP_IRQHandler
                0x0000000008000e34                WWDG_IRQHandler
                0x0000000008000e34                TIM2_IRQHandler
                0x0000000008000e34                TIM1_BRK_IRQHandler
                0x0000000008000e34                EXTI1_IRQHandler
                0x0000000008000e34                I2C2_ER_IRQHandler
                0x0000000008000e34                DMA1_Channel2_IRQHandler
                0x0000000008000e34                CAN1_SCE_IRQHandler
                0x0000000008000e34                FLASH_IRQHandler
                0x0000000008000e34                I2C1_ER_IRQHandler
                0x0000000008000e34                USBWakeUp_IRQHandler
 *fill*         0x0000000008000e36        0x2 
 .text.HAL_Init
                0x0000000008000e38       0x2c Drivers/STM32F1xx_HAL_Driver/Src/stm32f1xx_hal.o
                0x0000000008000e38                HAL_Init
 .text.HAL_InitTick
                0x0000000008000e64       0x60 Drivers/STM32F1xx_HAL_Driver/Src/stm32f1xx_hal.o
                0x0000000008000e64                HAL_InitTick
 .text.HAL_IncTick
                0x0000000008000ec4       0x24 Drivers/STM32F1xx_HAL_Driver/Src/stm32f1xx_hal.o
                0x0000000008000ec4                HAL_IncTick
 .text.HAL_GetTick
                0x0000000008000ee8       0x14 Drivers/STM32F1xx_HAL_Driver/Src/stm32f1xx_hal.o
                0x0000000008000ee8                HAL_GetTick
 .text.HAL_Delay
                0x0000000008000efc       0x44 Drivers/STM32F1xx_HAL_Driver/Src/stm32f1xx_hal.o
                0x0000000008000efc                HAL_Delay
 .text.__NVIC_SetPriorityGrouping
                0x0000000008000f40       0x48 Drivers/STM32F1xx_HAL_Driver/Src/stm32f1xx_hal_cortex.o
 .text.__NVIC_GetPriorityGrouping
                0x0000000008000f88       0x1c Drivers/STM32F1xx_HAL_Driver/Src/stm32f1xx_hal_cortex.o
 .text.__NVIC_EnableIRQ
                0x0000000008000fa4       0x38 Drivers/STM32F1xx_HAL_Driver/Src/stm32f1xx_hal_cortex.o
 .text.__NVIC_SetPriority
                0x0000000008000fdc       0x54 Drivers/STM32F1xx_HAL_Driver/Src/stm32f1xx_hal_cortex.o
 .text.NVIC_EncodePriority
                0x0000000008001030       0x64 Drivers/STM32F1xx_HAL_Driver/Src/stm32f1xx_hal_cortex.o
 .text.SysTick_Config
                0x0000000008001094       0x44 Drivers/STM32F1xx_HAL_Driver/Src/stm32f1xx_hal_cortex.o
 .text.HAL_NVIC_SetPriorityGrouping
                0x00000000080010d8       0x16 Drivers/STM32F1xx_HAL_Driver/Src/stm32f1xx_hal_cortex.o
                0x00000000080010d8                HAL_NVIC_SetPriorityGrouping
 .text.HAL_NVIC_SetPriority
                0x00000000080010ee       0x38 Drivers/STM32F1xx_HAL_Driver/Src/stm32f1xx_hal_cortex.o
                0x00000000080010ee                HAL_NVIC_SetPriority
 .text.HAL_NVIC_EnableIRQ
                0x0000000008001126       0x1c Drivers/STM32F1xx_HAL_Driver/Src/stm32f1xx_hal_cortex.o
                0x0000000008001126                HAL_NVIC_EnableIRQ
 .text.HAL_SYSTICK_Config
                0x0000000008001142       0x18 Drivers/STM32F1xx_HAL_Driver/Src/stm32f1xx_hal_cortex.o
                0x0000000008001142                HAL_SYSTICK_Config
 *fill*         0x000000000800115a        0x2 
 .text.HAL_DMA_Abort_IT
                0x000000000800115c       0xec Drivers/STM32F1xx_HAL_Driver/Src/stm32f1xx_hal_dma.o
                0x000000000800115c                HAL_DMA_Abort_IT
 .text.HAL_GPIO_Init
                0x0000000008001248      0x2b4 Drivers/STM32F1xx_HAL_Driver/Src/stm32f1xx_hal_gpio.o
                0x0000000008001248                HAL_GPIO_Init
 .text.HAL_GPIO_WritePin
                0x00000000080014fc       0x30 Drivers/STM32F1xx_HAL_Driver/Src/stm32f1xx_hal_gpio.o
                0x00000000080014fc                HAL_GPIO_WritePin
 .text.HAL_GPIO_TogglePin
                0x000000000800152c       0x32 Drivers/STM32F1xx_HAL_Driver/Src/stm32f1xx_hal_gpio.o
                0x000000000800152c                HAL_GPIO_TogglePin
 *fill*         0x000000000800155e        0x2 
 .text.HAL_RCC_OscConfig
                0x0000000008001560      0x500 Drivers/STM32F1xx_HAL_Driver/Src/stm32f1xx_hal_rcc.o
                0x0000000008001560                HAL_RCC_OscConfig
 .text.HAL_RCC_ClockConfig
                0x0000000008001a60      0x1d4 Drivers/STM32F1xx_HAL_Driver/Src/stm32f1xx_hal_rcc.o
                0x0000000008001a60                HAL_RCC_ClockConfig
 .text.HAL_RCC_GetSysClockFreq
                0x0000000008001c34       0xc4 Drivers/STM32F1xx_HAL_Driver/Src/stm32f1xx_hal_rcc.o
                0x0000000008001c34                HAL_RCC_GetSysClockFreq
 .text.HAL_RCC_GetHCLKFreq
                0x0000000008001cf8       0x14 Drivers/STM32F1xx_HAL_Driver/Src/stm32f1xx_hal_rcc.o
                0x0000000008001cf8                HAL_RCC_GetHCLKFreq
 .text.HAL_RCC_GetPCLK1Freq
                0x0000000008001d0c       0x28 Drivers/STM32F1xx_HAL_Driver/Src/stm32f1xx_hal_rcc.o
                0x0000000008001d0c                HAL_RCC_GetPCLK1Freq
 .text.HAL_RCC_GetPCLK2Freq
                0x0000000008001d34       0x28 Drivers/STM32F1xx_HAL_Driver/Src/stm32f1xx_hal_rcc.o
                0x0000000008001d34                HAL_RCC_GetPCLK2Freq
 .text.RCC_Delay
                0x0000000008001d5c       0x3c Drivers/STM32F1xx_HAL_Driver/Src/stm32f1xx_hal_rcc.o
 .text.HAL_TIM_Base_Init
                0x0000000008001d98       0x9e Drivers/STM32F1xx_HAL_Driver/Src/stm32f1xx_hal_tim.o
                0x0000000008001d98                HAL_TIM_Base_Init
 *fill*         0x0000000008001e36        0x2 
 .text.HAL_TIM_Base_Start_IT
                0x0000000008001e38       0xa4 Drivers/STM32F1xx_HAL_Driver/Src/stm32f1xx_hal_tim.o
                0x0000000008001e38                HAL_TIM_Base_Start_IT
 .text.HAL_TIM_Base_Stop_IT
                0x0000000008001edc       0x5c Drivers/STM32F1xx_HAL_Driver/Src/stm32f1xx_hal_tim.o
                0x0000000008001edc                HAL_TIM_Base_Stop_IT
 .text.HAL_TIM_IRQHandler
                0x0000000008001f38      0x210 Drivers/STM32F1xx_HAL_Driver/Src/stm32f1xx_hal_tim.o
                0x0000000008001f38                HAL_TIM_IRQHandler
 .text.HAL_TIM_ConfigClockSource
                0x0000000008002148      0x16e Drivers/STM32F1xx_HAL_Driver/Src/stm32f1xx_hal_tim.o
                0x0000000008002148                HAL_TIM_ConfigClockSource
 .text.HAL_TIM_OC_DelayElapsedCallback
                0x00000000080022b6       0x12 Drivers/STM32F1xx_HAL_Driver/Src/stm32f1xx_hal_tim.o
                0x00000000080022b6                HAL_TIM_OC_DelayElapsedCallback
 .text.HAL_TIM_IC_CaptureCallback
                0x00000000080022c8       0x12 Drivers/STM32F1xx_HAL_Driver/Src/stm32f1xx_hal_tim.o
                0x00000000080022c8                HAL_TIM_IC_CaptureCallback
 .text.HAL_TIM_PWM_PulseFinishedCallback
                0x00000000080022da       0x12 Drivers/STM32F1xx_HAL_Driver/Src/stm32f1xx_hal_tim.o
                0x00000000080022da                HAL_TIM_PWM_PulseFinishedCallback
 .text.HAL_TIM_TriggerCallback
                0x00000000080022ec       0x12 Drivers/STM32F1xx_HAL_Driver/Src/stm32f1xx_hal_tim.o
                0x00000000080022ec                HAL_TIM_TriggerCallback
 *fill*         0x00000000080022fe        0x2 
 .text.TIM_Base_SetConfig
                0x0000000008002300       0xc4 Drivers/STM32F1xx_HAL_Driver/Src/stm32f1xx_hal_tim.o
                0x0000000008002300                TIM_Base_SetConfig
 .text.TIM_TI1_ConfigInputStage
                0x00000000080023c4       0x5c Drivers/STM32F1xx_HAL_Driver/Src/stm32f1xx_hal_tim.o
 .text.TIM_TI2_ConfigInputStage
                0x0000000008002420       0x5e Drivers/STM32F1xx_HAL_Driver/Src/stm32f1xx_hal_tim.o
 .text.TIM_ITRx_SetConfig
                0x000000000800247e       0x34 Drivers/STM32F1xx_HAL_Driver/Src/stm32f1xx_hal_tim.o
 .text.TIM_ETR_SetConfig
                0x00000000080024b2       0x3e Drivers/STM32F1xx_HAL_Driver/Src/stm32f1xx_hal_tim.o
                0x00000000080024b2                TIM_ETR_SetConfig
 .text.HAL_TIMEx_MasterConfigSynchronization
                0x00000000080024f0       0xbc Drivers/STM32F1xx_HAL_Driver/Src/stm32f1xx_hal_tim_ex.o
                0x00000000080024f0                HAL_TIMEx_MasterConfigSynchronization
 .text.HAL_TIMEx_CommutCallback
                0x00000000080025ac       0x12 Drivers/STM32F1xx_HAL_Driver/Src/stm32f1xx_hal_tim_ex.o
                0x00000000080025ac                HAL_TIMEx_CommutCallback
 .text.HAL_TIMEx_BreakCallback
                0x00000000080025be       0x12 Drivers/STM32F1xx_HAL_Driver/Src/stm32f1xx_hal_tim_ex.o
                0x00000000080025be                HAL_TIMEx_BreakCallback
 .text.HAL_UART_Init
                0x00000000080025d0       0x9a Drivers/STM32F1xx_HAL_Driver/Src/stm32f1xx_hal_uart.o
                0x00000000080025d0                HAL_UART_Init
 .text.HAL_UART_Transmit
                0x000000000800266a      0x124 Drivers/STM32F1xx_HAL_Driver/Src/stm32f1xx_hal_uart.o
                0x000000000800266a                HAL_UART_Transmit
 .text.HAL_UART_Receive
                0x000000000800278e      0x13e Drivers/STM32F1xx_HAL_Driver/Src/stm32f1xx_hal_uart.o
                0x000000000800278e                HAL_UART_Receive
 .text.HAL_UART_Transmit_IT
                0x00000000080028cc       0x88 Drivers/STM32F1xx_HAL_Driver/Src/stm32f1xx_hal_uart.o
                0x00000000080028cc                HAL_UART_Transmit_IT
 .text.HAL_UART_IRQHandler
                0x0000000008002954      0x200 Drivers/STM32F1xx_HAL_Driver/Src/stm32f1xx_hal_uart.o
                0x0000000008002954                HAL_UART_IRQHandler
 .text.HAL_UART_RxCpltCallback
                0x0000000008002b54       0x12 Drivers/STM32F1xx_HAL_Driver/Src/stm32f1xx_hal_uart.o
                0x0000000008002b54                HAL_UART_RxCpltCallback
 .text.HAL_UART_ErrorCallback
                0x0000000008002b66       0x12 Drivers/STM32F1xx_HAL_Driver/Src/stm32f1xx_hal_uart.o
                0x0000000008002b66                HAL_UART_ErrorCallback
 .text.UART_WaitOnFlagUntilTimeout
                0x0000000008002b78       0x94 Drivers/STM32F1xx_HAL_Driver/Src/stm32f1xx_hal_uart.o
 .text.UART_EndRxTransfer
                0x0000000008002c0c       0x3a Drivers/STM32F1xx_HAL_Driver/Src/stm32f1xx_hal_uart.o
 .text.UART_DMAAbortOnError
                0x0000000008002c46       0x28 Drivers/STM32F1xx_HAL_Driver/Src/stm32f1xx_hal_uart.o
 .text.UART_Transmit_IT
                0x0000000008002c6e       0x9e Drivers/STM32F1xx_HAL_Driver/Src/stm32f1xx_hal_uart.o
 .text.UART_EndTransmit_IT
                0x0000000008002d0c       0x30 Drivers/STM32F1xx_HAL_Driver/Src/stm32f1xx_hal_uart.o
 .text.UART_Receive_IT
                0x0000000008002d3c      0x100 Drivers/STM32F1xx_HAL_Driver/Src/stm32f1xx_hal_uart.o
 .text.UART_SetConfig
                0x0000000008002e3c      0x11c Drivers/STM32F1xx_HAL_Driver/Src/stm32f1xx_hal_uart.o
 .text.__libc_init_array
                0x0000000008002f58       0x48 c:/st/stm32cubeide_1.3.0/stm32cubeide/plugins/com.st.stm32cube.ide.mcu.externaltools.gnu-tools-for-stm32.7-2018-q2-update.win32_1.4.0.202007081208/tools/bin/../lib/gcc/arm-none-eabi/7.3.1/../../../../arm-none-eabi/lib/thumb/v7-m\libc_nano.a(lib_a-init.o)
                0x0000000008002f58                __libc_init_array
 .text.memset   0x0000000008002fa0       0x10 c:/st/stm32cubeide_1.3.0/stm32cubeide/plugins/com.st.stm32cube.ide.mcu.externaltools.gnu-tools-for-stm32.7-2018-q2-update.win32_1.4.0.202007081208/tools/bin/../lib/gcc/arm-none-eabi/7.3.1/../../../../arm-none-eabi/lib/thumb/v7-m\libc_nano.a(lib_a-memset.o)
                0x0000000008002fa0                memset
 *(.glue_7)
 .glue_7        0x0000000008002fb0        0x0 linker stubs
 *(.glue_7t)
 .glue_7t       0x0000000008002fb0        0x0 linker stubs
 *(.eh_frame)
 .eh_frame      0x0000000008002fb0        0x0 c:/st/stm32cubeide_1.3.0/stm32cubeide/plugins/com.st.stm32cube.ide.mcu.externaltools.gnu-tools-for-stm32.7-2018-q2-update.win32_1.4.0.202007081208/tools/bin/../lib/gcc/arm-none-eabi/7.3.1/thumb/v7-m/crtbegin.o
 *(.init)
 .init          0x0000000008002fb0        0x4 c:/st/stm32cubeide_1.3.0/stm32cubeide/plugins/com.st.stm32cube.ide.mcu.externaltools.gnu-tools-for-stm32.7-2018-q2-update.win32_1.4.0.202007081208/tools/bin/../lib/gcc/arm-none-eabi/7.3.1/thumb/v7-m/crti.o
                0x0000000008002fb0                _init
 .init          0x0000000008002fb4        0x8 c:/st/stm32cubeide_1.3.0/stm32cubeide/plugins/com.st.stm32cube.ide.mcu.externaltools.gnu-tools-for-stm32.7-2018-q2-update.win32_1.4.0.202007081208/tools/bin/../lib/gcc/arm-none-eabi/7.3.1/thumb/v7-m/crtn.o
 *(.fini)
 .fini          0x0000000008002fbc        0x4 c:/st/stm32cubeide_1.3.0/stm32cubeide/plugins/com.st.stm32cube.ide.mcu.externaltools.gnu-tools-for-stm32.7-2018-q2-update.win32_1.4.0.202007081208/tools/bin/../lib/gcc/arm-none-eabi/7.3.1/thumb/v7-m/crti.o
                0x0000000008002fbc                _fini
 .fini          0x0000000008002fc0        0x8 c:/st/stm32cubeide_1.3.0/stm32cubeide/plugins/com.st.stm32cube.ide.mcu.externaltools.gnu-tools-for-stm32.7-2018-q2-update.win32_1.4.0.202007081208/tools/bin/../lib/gcc/arm-none-eabi/7.3.1/thumb/v7-m/crtn.o
                0x0000000008002fc8                . = ALIGN (0x4)
                0x0000000008002fc8                _etext = .

.vfp11_veneer   0x0000000008002fc8        0x0
 .vfp11_veneer  0x0000000008002fc8        0x0 linker stubs

.v4_bx          0x0000000008002fc8        0x0
 .v4_bx         0x0000000008002fc8        0x0 linker stubs

.iplt           0x0000000008002fc8        0x0
 .iplt          0x0000000008002fc8        0x0 c:/st/stm32cubeide_1.3.0/stm32cubeide/plugins/com.st.stm32cube.ide.mcu.externaltools.gnu-tools-for-stm32.7-2018-q2-update.win32_1.4.0.202007081208/tools/bin/../lib/gcc/arm-none-eabi/7.3.1/thumb/v7-m/crtbegin.o

.rodata         0x0000000008002fc8      0x198
                0x0000000008002fc8                . = ALIGN (0x4)
 *(.rodata)
 .rodata        0x0000000008002fc8      0x16a Core/Src/main.o
 *fill*         0x0000000008003132        0x2 
 .rodata        0x0000000008003134       0x12 Drivers/STM32F1xx_HAL_Driver/Src/stm32f1xx_hal_rcc.o
 *(.rodata*)
 *fill*         0x0000000008003146        0x2 
 .rodata.AHBPrescTable
                0x0000000008003148       0x10 Core/Src/system_stm32f1xx.o
                0x0000000008003148                AHBPrescTable
 .rodata.APBPrescTable
                0x0000000008003158        0x8 Core/Src/system_stm32f1xx.o
                0x0000000008003158                APBPrescTable
                0x0000000008003160                . = ALIGN (0x4)

.rel.dyn        0x0000000008003160        0x0
 .rel.iplt      0x0000000008003160        0x0 c:/st/stm32cubeide_1.3.0/stm32cubeide/plugins/com.st.stm32cube.ide.mcu.externaltools.gnu-tools-for-stm32.7-2018-q2-update.win32_1.4.0.202007081208/tools/bin/../lib/gcc/arm-none-eabi/7.3.1/thumb/v7-m/crtbegin.o

.ARM.extab      0x0000000008003160        0x0
                0x0000000008003160                . = ALIGN (0x4)
 *(.ARM.extab* .gnu.linkonce.armextab.*)
                0x0000000008003160                . = ALIGN (0x4)

.ARM            0x0000000008003160        0x0
                0x0000000008003160                . = ALIGN (0x4)
                0x0000000008003160                __exidx_start = .
 *(.ARM.exidx*)
                0x0000000008003160                __exidx_end = .
                0x0000000008003160                . = ALIGN (0x4)

.preinit_array  0x0000000008003160        0x0
                0x0000000008003160                . = ALIGN (0x4)
                0x0000000008003160                PROVIDE (__preinit_array_start = .)
 *(.preinit_array*)
                0x0000000008003160                PROVIDE (__preinit_array_end = .)
                0x0000000008003160                . = ALIGN (0x4)

.init_array     0x0000000008003160        0x4
                0x0000000008003160                . = ALIGN (0x4)
                0x0000000008003160                PROVIDE (__init_array_start = .)
 *(SORT_BY_NAME(.init_array.*))
 *(.init_array*)
 .init_array    0x0000000008003160        0x4 c:/st/stm32cubeide_1.3.0/stm32cubeide/plugins/com.st.stm32cube.ide.mcu.externaltools.gnu-tools-for-stm32.7-2018-q2-update.win32_1.4.0.202007081208/tools/bin/../lib/gcc/arm-none-eabi/7.3.1/thumb/v7-m/crtbegin.o
                0x0000000008003164                PROVIDE (__init_array_end = .)
                0x0000000008003164                . = ALIGN (0x4)

.fini_array     0x0000000008003164        0x4
                0x0000000008003164                . = ALIGN (0x4)
                [!provide]                        PROVIDE (__fini_array_start = .)
 *(SORT_BY_NAME(.fini_array.*))
 *(.fini_array*)
 .fini_array    0x0000000008003164        0x4 c:/st/stm32cubeide_1.3.0/stm32cubeide/plugins/com.st.stm32cube.ide.mcu.externaltools.gnu-tools-for-stm32.7-2018-q2-update.win32_1.4.0.202007081208/tools/bin/../lib/gcc/arm-none-eabi/7.3.1/thumb/v7-m/crtbegin.o
                [!provide]                        PROVIDE (__fini_array_end = .)
                0x0000000008003168                . = ALIGN (0x4)
                0x0000000008003168                _sidata = LOADADDR (.data)

.data           0x0000000020000000        0xc load address 0x0000000008003168
                0x0000000020000000                . = ALIGN (0x4)
                0x0000000020000000                _sdata = .
 *(.data)
 *(.data*)
 .data.SystemCoreClock
                0x0000000020000000        0x4 Core/Src/system_stm32f1xx.o
                0x0000000020000000                SystemCoreClock
 .data.uwTickPrio
                0x0000000020000004        0x4 Drivers/STM32F1xx_HAL_Driver/Src/stm32f1xx_hal.o
                0x0000000020000004                uwTickPrio
 .data.uwTickFreq
                0x0000000020000008        0x1 Drivers/STM32F1xx_HAL_Driver/Src/stm32f1xx_hal.o
                0x0000000020000008                uwTickFreq
                0x000000002000000c                . = ALIGN (0x4)
 *fill*         0x0000000020000009        0x3 
                0x000000002000000c                _edata = .

.igot.plt       0x000000002000000c        0x0 load address 0x0000000008003174
 .igot.plt      0x000000002000000c        0x0 c:/st/stm32cubeide_1.3.0/stm32cubeide/plugins/com.st.stm32cube.ide.mcu.externaltools.gnu-tools-for-stm32.7-2018-q2-update.win32_1.4.0.202007081208/tools/bin/../lib/gcc/arm-none-eabi/7.3.1/thumb/v7-m/crtbegin.o
                0x000000002000000c                . = ALIGN (0x4)

.bss            0x000000002000000c      0x13c load address 0x0000000008003174
                0x000000002000000c                _sbss = .
                0x000000002000000c                __bss_start__ = _sbss
 *(.bss)
 .bss           0x000000002000000c       0x1c c:/st/stm32cubeide_1.3.0/stm32cubeide/plugins/com.st.stm32cube.ide.mcu.externaltools.gnu-tools-for-stm32.7-2018-q2-update.win32_1.4.0.202007081208/tools/bin/../lib/gcc/arm-none-eabi/7.3.1/thumb/v7-m/crtbegin.o
 *(.bss*)
 .bss.contador1s
                0x0000000020000028        0x2 Core/Src/main.o
                0x0000000020000028                contador1s
 .bss.GSM_State
                0x000000002000002a        0x1 Core/Src/main.o
                0x000000002000002a                GSM_State
 *fill*         0x000000002000002b        0x1 
 .bss.GSM_Delay
                0x000000002000002c        0x4 Core/Src/main.o
                0x000000002000002c                GSM_Delay
 *(COMMON)
 COMMON         0x0000000020000030      0x114 Core/Src/main.o
                0x0000000020000030                htim4
                0x0000000020000078                htim3
                0x00000000200000c0                huart1
                0x0000000020000100                ticks
                0x0000000020000104                huart2
 COMMON         0x0000000020000144        0x4 Drivers/STM32F1xx_HAL_Driver/Src/stm32f1xx_hal.o
                0x0000000020000144                uwTick
                0x0000000020000148                . = ALIGN (0x4)
                0x0000000020000148                _ebss = .
                0x0000000020000148                __bss_end__ = _ebss

._user_heap_stack
                0x0000000020000148      0x600 load address 0x0000000008003174
                0x0000000020000148                . = ALIGN (0x8)
                [!provide]                        PROVIDE (end = .)
                0x0000000020000148                PROVIDE (_end = .)
                0x0000000020000348                . = (. + _Min_Heap_Size)
 *fill*         0x0000000020000148      0x200 
                0x0000000020000748                . = (. + _Min_Stack_Size)
 *fill*         0x0000000020000348      0x400 
                0x0000000020000748                . = ALIGN (0x8)

/DISCARD/
 libc.a(*)
 libm.a(*)
 libgcc.a(*)

.ARM.attributes
                0x0000000000000000       0x29
 *(.ARM.attributes)
 .ARM.attributes
                0x0000000000000000       0x1d c:/st/stm32cubeide_1.3.0/stm32cubeide/plugins/com.st.stm32cube.ide.mcu.externaltools.gnu-tools-for-stm32.7-2018-q2-update.win32_1.4.0.202007081208/tools/bin/../lib/gcc/arm-none-eabi/7.3.1/thumb/v7-m/crti.o
 .ARM.attributes
                0x000000000000001d       0x2d c:/st/stm32cubeide_1.3.0/stm32cubeide/plugins/com.st.stm32cube.ide.mcu.externaltools.gnu-tools-for-stm32.7-2018-q2-update.win32_1.4.0.202007081208/tools/bin/../lib/gcc/arm-none-eabi/7.3.1/thumb/v7-m/crtbegin.o
 .ARM.attributes
                0x000000000000004a       0x33 Core/Src/main.o
 .ARM.attributes
                0x000000000000007d       0x33 Core/Src/stm32f1xx_hal_msp.o
 .ARM.attributes
                0x00000000000000b0       0x33 Core/Src/stm32f1xx_it.o
 .ARM.attributes
                0x00000000000000e3       0x33 Core/Src/system_stm32f1xx.o
 .ARM.attributes
                0x0000000000000116       0x21 Core/Startup/startup_stm32f103c8tx.o
 .ARM.attributes
                0x0000000000000137       0x33 Drivers/STM32F1xx_HAL_Driver/Src/stm32f1xx_hal.o
 .ARM.attributes
                0x000000000000016a       0x33 Drivers/STM32F1xx_HAL_Driver/Src/stm32f1xx_hal_cortex.o
 .ARM.attributes
                0x000000000000019d       0x33 Drivers/STM32F1xx_HAL_Driver/Src/stm32f1xx_hal_dma.o
 .ARM.attributes
                0x00000000000001d0       0x33 Drivers/STM32F1xx_HAL_Driver/Src/stm32f1xx_hal_gpio.o
 .ARM.attributes
                0x0000000000000203       0x33 Drivers/STM32F1xx_HAL_Driver/Src/stm32f1xx_hal_rcc.o
 .ARM.attributes
                0x0000000000000236       0x33 Drivers/STM32F1xx_HAL_Driver/Src/stm32f1xx_hal_tim.o
 .ARM.attributes
                0x0000000000000269       0x33 Drivers/STM32F1xx_HAL_Driver/Src/stm32f1xx_hal_tim_ex.o
 .ARM.attributes
                0x000000000000029c       0x33 Drivers/STM32F1xx_HAL_Driver/Src/stm32f1xx_hal_uart.o
 .ARM.attributes
                0x00000000000002cf       0x2d c:/st/stm32cubeide_1.3.0/stm32cubeide/plugins/com.st.stm32cube.ide.mcu.externaltools.gnu-tools-for-stm32.7-2018-q2-update.win32_1.4.0.202007081208/tools/bin/../lib/gcc/arm-none-eabi/7.3.1/../../../../arm-none-eabi/lib/thumb/v7-m\libc_nano.a(lib_a-init.o)
 .ARM.attributes
                0x00000000000002fc       0x2d c:/st/stm32cubeide_1.3.0/stm32cubeide/plugins/com.st.stm32cube.ide.mcu.externaltools.gnu-tools-for-stm32.7-2018-q2-update.win32_1.4.0.202007081208/tools/bin/../lib/gcc/arm-none-eabi/7.3.1/../../../../arm-none-eabi/lib/thumb/v7-m\libc_nano.a(lib_a-memset.o)
 .ARM.attributes
                0x0000000000000329       0x1d c:/st/stm32cubeide_1.3.0/stm32cubeide/plugins/com.st.stm32cube.ide.mcu.externaltools.gnu-tools-for-stm32.7-2018-q2-update.win32_1.4.0.202007081208/tools/bin/../lib/gcc/arm-none-eabi/7.3.1/thumb/v7-m/crtn.o
OUTPUT(centralv2.elf elf32-littlearm)

.debug_info     0x0000000000000000     0xa6e2
 .debug_info    0x0000000000000000     0x1722 Core/Src/main.o
 .debug_info    0x0000000000001722      0xd44 Core/Src/stm32f1xx_hal_msp.o
 .debug_info    0x0000000000002466      0x987 Core/Src/stm32f1xx_it.o
 .debug_info    0x0000000000002ded      0x29a Core/Src/system_stm32f1xx.o
 .debug_info    0x0000000000003087       0x22 Core/Startup/startup_stm32f103c8tx.o
 .debug_info    0x00000000000030a9      0x714 Drivers/STM32F1xx_HAL_Driver/Src/stm32f1xx_hal.o
 .debug_info    0x00000000000037bd      0xb51 Drivers/STM32F1xx_HAL_Driver/Src/stm32f1xx_hal_cortex.o
 .debug_info    0x000000000000430e      0x7b1 Drivers/STM32F1xx_HAL_Driver/Src/stm32f1xx_hal_dma.o
 .debug_info    0x0000000000004abf      0x69b Drivers/STM32F1xx_HAL_Driver/Src/stm32f1xx_hal_gpio.o
 .debug_info    0x000000000000515a      0x80f Drivers/STM32F1xx_HAL_Driver/Src/stm32f1xx_hal_rcc.o
 .debug_info    0x0000000000005969     0x27ef Drivers/STM32F1xx_HAL_Driver/Src/stm32f1xx_hal_tim.o
 .debug_info    0x0000000000008158     0x136f Drivers/STM32F1xx_HAL_Driver/Src/stm32f1xx_hal_tim_ex.o
 .debug_info    0x00000000000094c7     0x121b Drivers/STM32F1xx_HAL_Driver/Src/stm32f1xx_hal_uart.o

.debug_abbrev   0x0000000000000000     0x1822
 .debug_abbrev  0x0000000000000000      0x297 Core/Src/main.o
 .debug_abbrev  0x0000000000000297      0x1a6 Core/Src/stm32f1xx_hal_msp.o
 .debug_abbrev  0x000000000000043d      0x15a Core/Src/stm32f1xx_it.o
 .debug_abbrev  0x0000000000000597      0x134 Core/Src/system_stm32f1xx.o
 .debug_abbrev  0x00000000000006cb       0x12 Core/Startup/startup_stm32f103c8tx.o
 .debug_abbrev  0x00000000000006dd      0x1c7 Drivers/STM32F1xx_HAL_Driver/Src/stm32f1xx_hal.o
 .debug_abbrev  0x00000000000008a4      0x2d5 Drivers/STM32F1xx_HAL_Driver/Src/stm32f1xx_hal_cortex.o
 .debug_abbrev  0x0000000000000b79      0x1fe Drivers/STM32F1xx_HAL_Driver/Src/stm32f1xx_hal_dma.o
 .debug_abbrev  0x0000000000000d77      0x1c0 Drivers/STM32F1xx_HAL_Driver/Src/stm32f1xx_hal_gpio.o
 .debug_abbrev  0x0000000000000f37      0x243 Drivers/STM32F1xx_HAL_Driver/Src/stm32f1xx_hal_rcc.o
 .debug_abbrev  0x000000000000117a      0x230 Drivers/STM32F1xx_HAL_Driver/Src/stm32f1xx_hal_tim.o
 .debug_abbrev  0x00000000000013aa      0x236 Drivers/STM32F1xx_HAL_Driver/Src/stm32f1xx_hal_tim_ex.o
 .debug_abbrev  0x00000000000015e0      0x242 Drivers/STM32F1xx_HAL_Driver/Src/stm32f1xx_hal_uart.o

.debug_aranges  0x0000000000000000      0xbd0
 .debug_aranges
                0x0000000000000000       0x78 Core/Src/main.o
 .debug_aranges
                0x0000000000000078       0x40 Core/Src/stm32f1xx_hal_msp.o
 .debug_aranges
                0x00000000000000b8       0x78 Core/Src/stm32f1xx_it.o
 .debug_aranges
                0x0000000000000130       0x28 Core/Src/system_stm32f1xx.o
 .debug_aranges
                0x0000000000000158       0x28 Core/Startup/startup_stm32f103c8tx.o
 .debug_aranges
                0x0000000000000180       0xe0 Drivers/STM32F1xx_HAL_Driver/Src/stm32f1xx_hal.o
 .debug_aranges
                0x0000000000000260      0x100 Drivers/STM32F1xx_HAL_Driver/Src/stm32f1xx_hal_cortex.o
 .debug_aranges
                0x0000000000000360       0x80 Drivers/STM32F1xx_HAL_Driver/Src/stm32f1xx_hal_dma.o
 .debug_aranges
                0x00000000000003e0       0x58 Drivers/STM32F1xx_HAL_Driver/Src/stm32f1xx_hal_gpio.o
 .debug_aranges
                0x0000000000000438       0x90 Drivers/STM32F1xx_HAL_Driver/Src/stm32f1xx_hal_rcc.o
 .debug_aranges
                0x00000000000004c8      0x3d0 Drivers/STM32F1xx_HAL_Driver/Src/stm32f1xx_hal_tim.o
 .debug_aranges
                0x0000000000000898      0x168 Drivers/STM32F1xx_HAL_Driver/Src/stm32f1xx_hal_tim_ex.o
 .debug_aranges
                0x0000000000000a00      0x1d0 Drivers/STM32F1xx_HAL_Driver/Src/stm32f1xx_hal_uart.o

.debug_ranges   0x0000000000000000      0xb08
 .debug_ranges  0x0000000000000000       0x68 Core/Src/main.o
 .debug_ranges  0x0000000000000068       0x30 Core/Src/stm32f1xx_hal_msp.o
 .debug_ranges  0x0000000000000098       0x68 Core/Src/stm32f1xx_it.o
 .debug_ranges  0x0000000000000100       0x18 Core/Src/system_stm32f1xx.o
 .debug_ranges  0x0000000000000118       0x20 Core/Startup/startup_stm32f103c8tx.o
 .debug_ranges  0x0000000000000138       0xd0 Drivers/STM32F1xx_HAL_Driver/Src/stm32f1xx_hal.o
 .debug_ranges  0x0000000000000208       0xf0 Drivers/STM32F1xx_HAL_Driver/Src/stm32f1xx_hal_cortex.o
 .debug_ranges  0x00000000000002f8       0x70 Drivers/STM32F1xx_HAL_Driver/Src/stm32f1xx_hal_dma.o
 .debug_ranges  0x0000000000000368       0x48 Drivers/STM32F1xx_HAL_Driver/Src/stm32f1xx_hal_gpio.o
 .debug_ranges  0x00000000000003b0       0x80 Drivers/STM32F1xx_HAL_Driver/Src/stm32f1xx_hal_rcc.o
 .debug_ranges  0x0000000000000430      0x3c0 Drivers/STM32F1xx_HAL_Driver/Src/stm32f1xx_hal_tim.o
 .debug_ranges  0x00000000000007f0      0x158 Drivers/STM32F1xx_HAL_Driver/Src/stm32f1xx_hal_tim_ex.o
 .debug_ranges  0x0000000000000948      0x1c0 Drivers/STM32F1xx_HAL_Driver/Src/stm32f1xx_hal_uart.o

.debug_macro    0x0000000000000000    0x172e4
 .debug_macro   0x0000000000000000      0x277 Core/Src/main.o
 .debug_macro   0x0000000000000277      0xa5a Core/Src/main.o
 .debug_macro   0x0000000000000cd1      0x21b Core/Src/main.o
 .debug_macro   0x0000000000000eec       0x2e Core/Src/main.o
 .debug_macro   0x0000000000000f1a       0x22 Core/Src/main.o
 .debug_macro   0x0000000000000f3c       0x22 Core/Src/main.o
 .debug_macro   0x0000000000000f5e       0x8e Core/Src/main.o
 .debug_macro   0x0000000000000fec       0x51 Core/Src/main.o
 .debug_macro   0x000000000000103d       0xef Core/Src/main.o
 .debug_macro   0x000000000000112c       0x6a Core/Src/main.o
 .debug_macro   0x0000000000001196      0x1df Core/Src/main.o
 .debug_macro   0x0000000000001375       0x1c Core/Src/main.o
 .debug_macro   0x0000000000001391       0x22 Core/Src/main.o
 .debug_macro   0x00000000000013b3       0xc3 Core/Src/main.o
 .debug_macro   0x0000000000001476      0xd23 Core/Src/main.o
 .debug_macro   0x0000000000002199     0xe097 Core/Src/main.o
 .debug_macro   0x0000000000010230       0x43 Core/Src/main.o
 .debug_macro   0x0000000000010273     0x3468 Core/Src/main.o
 .debug_macro   0x00000000000136db      0x174 Core/Src/main.o
 .debug_macro   0x000000000001384f       0x5c Core/Src/main.o
 .debug_macro   0x00000000000138ab      0x5be Core/Src/main.o
 .debug_macro   0x0000000000013e69      0x289 Core/Src/main.o
 .debug_macro   0x00000000000140f2      0x1cb Core/Src/main.o
 .debug_macro   0x00000000000142bd      0x114 Core/Src/main.o
 .debug_macro   0x00000000000143d1      0x1b2 Core/Src/main.o
 .debug_macro   0x0000000000014583       0x27 Core/Src/main.o
 .debug_macro   0x00000000000145aa      0x136 Core/Src/main.o
 .debug_macro   0x00000000000146e0      0x1bc Core/Src/main.o
 .debug_macro   0x000000000001489c       0x34 Core/Src/main.o
 .debug_macro   0x00000000000148d0       0x3c Core/Src/main.o
 .debug_macro   0x000000000001490c       0x57 Core/Src/main.o
 .debug_macro   0x0000000000014963       0x88 Core/Src/main.o
 .debug_macro   0x00000000000149eb      0x241 Core/Src/main.o
 .debug_macro   0x0000000000014c2c      0x141 Core/Src/main.o
 .debug_macro   0x0000000000014d6d      0x8d1 Core/Src/main.o
 .debug_macro   0x000000000001563e      0x26b Core/Src/main.o
 .debug_macro   0x00000000000158a9       0x83 Core/Src/main.o
 .debug_macro   0x000000000001592c       0x22 Core/Src/main.o
 .debug_macro   0x000000000001594e       0x46 Core/Src/main.o
 .debug_macro   0x0000000000015994       0x18 Core/Src/main.o
 .debug_macro   0x00000000000159ac       0x3c Core/Src/main.o
 .debug_macro   0x00000000000159e8       0x34 Core/Src/main.o
 .debug_macro   0x0000000000015a1c       0x52 Core/Src/main.o
 .debug_macro   0x0000000000015a6e       0x1f Core/Src/main.o
 .debug_macro   0x0000000000015a8d       0x43 Core/Src/main.o
 .debug_macro   0x0000000000015ad0       0x20 Core/Src/main.o
 .debug_macro   0x0000000000015af0      0x1a3 Core/Src/main.o
 .debug_macro   0x0000000000015c93      0x32a Core/Src/main.o
 .debug_macro   0x0000000000015fbd       0x10 Core/Src/main.o
 .debug_macro   0x0000000000015fcd       0x35 Core/Src/main.o
 .debug_macro   0x0000000000016002       0x20 Core/Src/main.o
 .debug_macro   0x0000000000016022      0x1ad Core/Src/stm32f1xx_hal_msp.o
 .debug_macro   0x00000000000161cf      0x1b7 Core/Src/stm32f1xx_it.o
 .debug_macro   0x0000000000016386      0x1a3 Core/Src/system_stm32f1xx.o
 .debug_macro   0x0000000000016529      0x1c7 Drivers/STM32F1xx_HAL_Driver/Src/stm32f1xx_hal.o
 .debug_macro   0x00000000000166f0      0x1a3 Drivers/STM32F1xx_HAL_Driver/Src/stm32f1xx_hal_cortex.o
 .debug_macro   0x0000000000016893      0x1a3 Drivers/STM32F1xx_HAL_Driver/Src/stm32f1xx_hal_dma.o
 .debug_macro   0x0000000000016a36      0x20e Drivers/STM32F1xx_HAL_Driver/Src/stm32f1xx_hal_gpio.o
 .debug_macro   0x0000000000016c44      0x1b5 Drivers/STM32F1xx_HAL_Driver/Src/stm32f1xx_hal_rcc.o
 .debug_macro   0x0000000000016df9      0x1a4 Drivers/STM32F1xx_HAL_Driver/Src/stm32f1xx_hal_tim.o
 .debug_macro   0x0000000000016f9d      0x1a3 Drivers/STM32F1xx_HAL_Driver/Src/stm32f1xx_hal_tim_ex.o
 .debug_macro   0x0000000000017140      0x1a4 Drivers/STM32F1xx_HAL_Driver/Src/stm32f1xx_hal_uart.o

.debug_line     0x0000000000000000     0x8f7a
 .debug_line    0x0000000000000000      0xa82 Core/Src/main.o
 .debug_line    0x0000000000000a82      0x6fe Core/Src/stm32f1xx_hal_msp.o
 .debug_line    0x0000000000001180      0x751 Core/Src/stm32f1xx_it.o
 .debug_line    0x00000000000018d1      0x69f Core/Src/system_stm32f1xx.o
 .debug_line    0x0000000000001f70       0x84 Core/Startup/startup_stm32f103c8tx.o
 .debug_line    0x0000000000001ff4      0x852 Drivers/STM32F1xx_HAL_Driver/Src/stm32f1xx_hal.o
 .debug_line    0x0000000000002846      0x929 Drivers/STM32F1xx_HAL_Driver/Src/stm32f1xx_hal_cortex.o
 .debug_line    0x000000000000316f      0xab7 Drivers/STM32F1xx_HAL_Driver/Src/stm32f1xx_hal_dma.o
 .debug_line    0x0000000000003c26      0x84e Drivers/STM32F1xx_HAL_Driver/Src/stm32f1xx_hal_gpio.o
 .debug_line    0x0000000000004474      0x912 Drivers/STM32F1xx_HAL_Driver/Src/stm32f1xx_hal_rcc.o
 .debug_line    0x0000000000004d86     0x1fab Drivers/STM32F1xx_HAL_Driver/Src/stm32f1xx_hal_tim.o
 .debug_line    0x0000000000006d31     0x12b9 Drivers/STM32F1xx_HAL_Driver/Src/stm32f1xx_hal_tim_ex.o
 .debug_line    0x0000000000007fea      0xf90 Drivers/STM32F1xx_HAL_Driver/Src/stm32f1xx_hal_uart.o

.debug_str      0x0000000000000000    0x88ec7
 .debug_str     0x0000000000000000    0x864a6 Core/Src/main.o
                                      0x86929 (size before relaxing)
 .debug_str     0x00000000000864a6      0x318 Core/Src/stm32f1xx_hal_msp.o
                                      0x83960 (size before relaxing)
 .debug_str     0x00000000000867be       0xf1 Core/Src/stm32f1xx_it.o
                                      0x8364d (size before relaxing)
 .debug_str     0x00000000000868af       0x52 Core/Src/system_stm32f1xx.o
                                      0x82f5d (size before relaxing)
 .debug_str     0x0000000000086901       0x36 Core/Startup/startup_stm32f103c8tx.o
                                         0x8b (size before relaxing)
 .debug_str     0x0000000000086937      0x304 Drivers/STM32F1xx_HAL_Driver/Src/stm32f1xx_hal.o
                                      0x835ee (size before relaxing)
 .debug_str     0x0000000000086c3b      0x2fa Drivers/STM32F1xx_HAL_Driver/Src/stm32f1xx_hal_cortex.o
                                      0x835f6 (size before relaxing)
 .debug_str     0x0000000000086f35      0x235 Drivers/STM32F1xx_HAL_Driver/Src/stm32f1xx_hal_dma.o
                                      0x83338 (size before relaxing)
 .debug_str     0x000000000008716a      0x31f Drivers/STM32F1xx_HAL_Driver/Src/stm32f1xx_hal_gpio.o
                                      0x83321 (size before relaxing)
 .debug_str     0x0000000000087489      0x24f Drivers/STM32F1xx_HAL_Driver/Src/stm32f1xx_hal_rcc.o
                                      0x8335a (size before relaxing)
 .debug_str     0x00000000000876d8      0xdc3 Drivers/STM32F1xx_HAL_Driver/Src/stm32f1xx_hal_tim.o
                                      0x8432c (size before relaxing)
 .debug_str     0x000000000008849b      0x517 Drivers/STM32F1xx_HAL_Driver/Src/stm32f1xx_hal_tim_ex.o
                                      0x83b06 (size before relaxing)
 .debug_str     0x00000000000889b2      0x515 Drivers/STM32F1xx_HAL_Driver/Src/stm32f1xx_hal_uart.o
                                      0x83860 (size before relaxing)

.comment        0x0000000000000000       0x7b
 .comment       0x0000000000000000       0x7b Core/Src/main.o
                                         0x7c (size before relaxing)
 .comment       0x000000000000007b       0x7c Core/Src/stm32f1xx_hal_msp.o
 .comment       0x000000000000007b       0x7c Core/Src/stm32f1xx_it.o
 .comment       0x000000000000007b       0x7c Core/Src/system_stm32f1xx.o
 .comment       0x000000000000007b       0x7c Drivers/STM32F1xx_HAL_Driver/Src/stm32f1xx_hal.o
 .comment       0x000000000000007b       0x7c Drivers/STM32F1xx_HAL_Driver/Src/stm32f1xx_hal_cortex.o
 .comment       0x000000000000007b       0x7c Drivers/STM32F1xx_HAL_Driver/Src/stm32f1xx_hal_dma.o
 .comment       0x000000000000007b       0x7c Drivers/STM32F1xx_HAL_Driver/Src/stm32f1xx_hal_gpio.o
 .comment       0x000000000000007b       0x7c Drivers/STM32F1xx_HAL_Driver/Src/stm32f1xx_hal_rcc.o
 .comment       0x000000000000007b       0x7c Drivers/STM32F1xx_HAL_Driver/Src/stm32f1xx_hal_tim.o
 .comment       0x000000000000007b       0x7c Drivers/STM32F1xx_HAL_Driver/Src/stm32f1xx_hal_tim_ex.o
 .comment       0x000000000000007b       0x7c Drivers/STM32F1xx_HAL_Driver/Src/stm32f1xx_hal_uart.o

.debug_frame    0x0000000000000000     0x3154
 .debug_frame   0x0000000000000000      0x198 Core/Src/main.o
 .debug_frame   0x0000000000000198       0xc8 Core/Src/stm32f1xx_hal_msp.o
 .debug_frame   0x0000000000000260      0x160 Core/Src/stm32f1xx_it.o
 .debug_frame   0x00000000000003c0       0x58 Core/Src/system_stm32f1xx.o
 .debug_frame   0x0000000000000418      0x334 Drivers/STM32F1xx_HAL_Driver/Src/stm32f1xx_hal.o
 .debug_frame   0x000000000000074c      0x428 Drivers/STM32F1xx_HAL_Driver/Src/stm32f1xx_hal_cortex.o
 .debug_frame   0x0000000000000b74      0x208 Drivers/STM32F1xx_HAL_Driver/Src/stm32f1xx_hal_dma.o
 .debug_frame   0x0000000000000d7c      0x14c Drivers/STM32F1xx_HAL_Driver/Src/stm32f1xx_hal_gpio.o
 .debug_frame   0x0000000000000ec8      0x21c Drivers/STM32F1xx_HAL_Driver/Src/stm32f1xx_hal_rcc.o
 .debug_frame   0x00000000000010e4     0x11b8 Drivers/STM32F1xx_HAL_Driver/Src/stm32f1xx_hal_tim.o
 .debug_frame   0x000000000000229c      0x638 Drivers/STM32F1xx_HAL_Driver/Src/stm32f1xx_hal_tim_ex.o
 .debug_frame   0x00000000000028d4      0x834 Drivers/STM32F1xx_HAL_Driver/Src/stm32f1xx_hal_uart.o
 .debug_frame   0x0000000000003108       0x2c c:/st/stm32cubeide_1.3.0/stm32cubeide/plugins/com.st.stm32cube.ide.mcu.externaltools.gnu-tools-for-stm32.7-2018-q2-update.win32_1.4.0.202007081208/tools/bin/../lib/gcc/arm-none-eabi/7.3.1/../../../../arm-none-eabi/lib/thumb/v7-m\libc_nano.a(lib_a-init.o)
 .debug_frame   0x0000000000003134       0x20 c:/st/stm32cubeide_1.3.0/stm32cubeide/plugins/com.st.stm32cube.ide.mcu.externaltools.gnu-tools-for-stm32.7-2018-q2-update.win32_1.4.0.202007081208/tools/bin/../lib/gcc/arm-none-eabi/7.3.1/../../../../arm-none-eabi/lib/thumb/v7-m\libc_nano.a(lib_a-memset.o)
