Archive member included to satisfy reference by file (symbol)

/opt/st/stm32cubeide_1.4.0/plugins/com.st.stm32cube.ide.mcu.externaltools.gnu-tools-for-stm32.7-2018-q2-update.linux64_1.4.0.202007081208/tools/bin/../lib/gcc/arm-none-eabi/7.3.1/../../../../arm-none-eabi/lib/thumb/v7-m/libc_nano.a(lib_a-errno.o)
                              Core/Src/syscalls.o (__errno)
/opt/st/stm32cubeide_1.4.0/plugins/com.st.stm32cube.ide.mcu.externaltools.gnu-tools-for-stm32.7-2018-q2-update.linux64_1.4.0.202007081208/tools/bin/../lib/gcc/arm-none-eabi/7.3.1/../../../../arm-none-eabi/lib/thumb/v7-m/libc_nano.a(lib_a-exit.o)
                              /opt/st/stm32cubeide_1.4.0/plugins/com.st.stm32cube.ide.mcu.externaltools.gnu-tools-for-stm32.7-2018-q2-update.linux64_1.4.0.202007081208/tools/bin/../lib/gcc/arm-none-eabi/7.3.1/../../../../arm-none-eabi/lib/thumb/v7-m/crt0.o (exit)
/opt/st/stm32cubeide_1.4.0/plugins/com.st.stm32cube.ide.mcu.externaltools.gnu-tools-for-stm32.7-2018-q2-update.linux64_1.4.0.202007081208/tools/bin/../lib/gcc/arm-none-eabi/7.3.1/../../../../arm-none-eabi/lib/thumb/v7-m/libc_nano.a(lib_a-impure.o)
                              /opt/st/stm32cubeide_1.4.0/plugins/com.st.stm32cube.ide.mcu.externaltools.gnu-tools-for-stm32.7-2018-q2-update.linux64_1.4.0.202007081208/tools/bin/../lib/gcc/arm-none-eabi/7.3.1/../../../../arm-none-eabi/lib/thumb/v7-m/libc_nano.a(lib_a-exit.o) (_global_impure_ptr)
/opt/st/stm32cubeide_1.4.0/plugins/com.st.stm32cube.ide.mcu.externaltools.gnu-tools-for-stm32.7-2018-q2-update.linux64_1.4.0.202007081208/tools/bin/../lib/gcc/arm-none-eabi/7.3.1/../../../../arm-none-eabi/lib/thumb/v7-m/libc_nano.a(lib_a-init.o)
                              /opt/st/stm32cubeide_1.4.0/plugins/com.st.stm32cube.ide.mcu.externaltools.gnu-tools-for-stm32.7-2018-q2-update.linux64_1.4.0.202007081208/tools/bin/../lib/gcc/arm-none-eabi/7.3.1/../../../../arm-none-eabi/lib/thumb/v7-m/crt0.o (__libc_init_array)
/opt/st/stm32cubeide_1.4.0/plugins/com.st.stm32cube.ide.mcu.externaltools.gnu-tools-for-stm32.7-2018-q2-update.linux64_1.4.0.202007081208/tools/bin/../lib/gcc/arm-none-eabi/7.3.1/../../../../arm-none-eabi/lib/thumb/v7-m/libc_nano.a(lib_a-memset.o)
                              /opt/st/stm32cubeide_1.4.0/plugins/com.st.stm32cube.ide.mcu.externaltools.gnu-tools-for-stm32.7-2018-q2-update.linux64_1.4.0.202007081208/tools/bin/../lib/gcc/arm-none-eabi/7.3.1/../../../../arm-none-eabi/lib/thumb/v7-m/crt0.o (memset)
/opt/st/stm32cubeide_1.4.0/plugins/com.st.stm32cube.ide.mcu.externaltools.gnu-tools-for-stm32.7-2018-q2-update.linux64_1.4.0.202007081208/tools/bin/../lib/gcc/arm-none-eabi/7.3.1/../../../../arm-none-eabi/lib/thumb/v7-m/libc_nano.a(lib_a-printf.o)
                              Core/Src/rf_driver.o (printf)
/opt/st/stm32cubeide_1.4.0/plugins/com.st.stm32cube.ide.mcu.externaltools.gnu-tools-for-stm32.7-2018-q2-update.linux64_1.4.0.202007081208/tools/bin/../lib/gcc/arm-none-eabi/7.3.1/../../../../arm-none-eabi/lib/thumb/v7-m/libc_nano.a(lib_a-findfp.o)
                              /opt/st/stm32cubeide_1.4.0/plugins/com.st.stm32cube.ide.mcu.externaltools.gnu-tools-for-stm32.7-2018-q2-update.linux64_1.4.0.202007081208/tools/bin/../lib/gcc/arm-none-eabi/7.3.1/../../../../arm-none-eabi/lib/thumb/v7-m/libc_nano.a(lib_a-printf.o) (__sinit)
/opt/st/stm32cubeide_1.4.0/plugins/com.st.stm32cube.ide.mcu.externaltools.gnu-tools-for-stm32.7-2018-q2-update.linux64_1.4.0.202007081208/tools/bin/../lib/gcc/arm-none-eabi/7.3.1/../../../../arm-none-eabi/lib/thumb/v7-m/libc_nano.a(lib_a-fwalk.o)
                              /opt/st/stm32cubeide_1.4.0/plugins/com.st.stm32cube.ide.mcu.externaltools.gnu-tools-for-stm32.7-2018-q2-update.linux64_1.4.0.202007081208/tools/bin/../lib/gcc/arm-none-eabi/7.3.1/../../../../arm-none-eabi/lib/thumb/v7-m/libc_nano.a(lib_a-findfp.o) (_fwalk)
/opt/st/stm32cubeide_1.4.0/plugins/com.st.stm32cube.ide.mcu.externaltools.gnu-tools-for-stm32.7-2018-q2-update.linux64_1.4.0.202007081208/tools/bin/../lib/gcc/arm-none-eabi/7.3.1/../../../../arm-none-eabi/lib/thumb/v7-m/libc_nano.a(lib_a-nano-mallocr.o)
                              /opt/st/stm32cubeide_1.4.0/plugins/com.st.stm32cube.ide.mcu.externaltools.gnu-tools-for-stm32.7-2018-q2-update.linux64_1.4.0.202007081208/tools/bin/../lib/gcc/arm-none-eabi/7.3.1/../../../../arm-none-eabi/lib/thumb/v7-m/libc_nano.a(lib_a-findfp.o) (_malloc_r)
/opt/st/stm32cubeide_1.4.0/plugins/com.st.stm32cube.ide.mcu.externaltools.gnu-tools-for-stm32.7-2018-q2-update.linux64_1.4.0.202007081208/tools/bin/../lib/gcc/arm-none-eabi/7.3.1/../../../../arm-none-eabi/lib/thumb/v7-m/libc_nano.a(lib_a-nano-vfprintf.o)
                              /opt/st/stm32cubeide_1.4.0/plugins/com.st.stm32cube.ide.mcu.externaltools.gnu-tools-for-stm32.7-2018-q2-update.linux64_1.4.0.202007081208/tools/bin/../lib/gcc/arm-none-eabi/7.3.1/../../../../arm-none-eabi/lib/thumb/v7-m/libc_nano.a(lib_a-printf.o) (_vfprintf_r)
[...]
Memory Configuration

Name             Origin             Length             Attributes
RAM              0x0000000020000000 0x0000000000005000 xrw
FLASH            0x0000000008000000 0x0000000000010000 xr
*default*        0x0000000000000000 0xffffffffffffffff

Linker script and memory map

LOAD /opt/st/stm32cubeide_1.4.0/plugins/com.st.stm32cube.ide.mcu.externaltools.gnu-tools-for-stm32.7-2018-q2-update.linux64_1.4.0.202007081208/tools/bin/../lib/gcc/arm-none-eabi/7.3.1/thumb/v7-m/crti.o
LOAD /opt/st/stm32cubeide_1.4.0/plugins/com.st.stm32cube.ide.mcu.externaltools.gnu-tools-for-stm32.7-2018-q2-update.linux64_1.4.0.202007081208/tools/bin/../lib/gcc/arm-none-eabi/7.3.1/thumb/v7-m/crtbegin.o
LOAD /opt/st/stm32cubeide_1.4.0/plugins/com.st.stm32cube.ide.mcu.externaltools.gnu-tools-for-stm32.7-2018-q2-update.linux64_1.4.0.202007081208/tools/bin/../lib/gcc/arm-none-eabi/7.3.1/../../../../arm-none-eabi/lib/thumb/v7-m/crt0.o
LOAD Core/Src/dwt_stm32_delay.o
LOAD Core/Src/main.o
LOAD Core/Src/rf_driver.o
LOAD Core/Src/stm32f1xx_hal_msp.o
LOAD Core/Src/stm32f1xx_it.o
LOAD Core/Src/syscalls.o
LOAD Core/Src/sysmem.o
LOAD Core/Src/system_stm32f1xx.o
LOAD Core/Startup/startup_stm32f103c8tx.o
LOAD Drivers/STM32F1xx_HAL_Driver/Src/stm32f1xx_hal.o
LOAD Drivers/STM32F1xx_HAL_Driver/Src/stm32f1xx_hal_cortex.o
LOAD Drivers/STM32F1xx_HAL_Driver/Src/stm32f1xx_hal_dma.o
LOAD Drivers/STM32F1xx_HAL_Driver/Src/stm32f1xx_hal_exti.o
LOAD Drivers/STM32F1xx_HAL_Driver/Src/stm32f1xx_hal_flash.o
LOAD Drivers/STM32F1xx_HAL_Driver/Src/stm32f1xx_hal_flash_ex.o
LOAD Drivers/STM32F1xx_HAL_Driver/Src/stm32f1xx_hal_gpio.o
LOAD Drivers/STM32F1xx_HAL_Driver/Src/stm32f1xx_hal_gpio_ex.o
LOAD Drivers/STM32F1xx_HAL_Driver/Src/stm32f1xx_hal_pwr.o
LOAD Drivers/STM32F1xx_HAL_Driver/Src/stm32f1xx_hal_rcc.o
LOAD Drivers/STM32F1xx_HAL_Driver/Src/stm32f1xx_hal_rcc_ex.o
LOAD Drivers/STM32F1xx_HAL_Driver/Src/stm32f1xx_hal_spi.o
LOAD Drivers/STM32F1xx_HAL_Driver/Src/stm32f1xx_hal_tim.o
LOAD Drivers/STM32F1xx_HAL_Driver/Src/stm32f1xx_hal_tim_ex.o
LOAD Drivers/STM32F1xx_HAL_Driver/Src/stm32f1xx_hal_uart.o
START GROUP
LOAD /opt/st/stm32cubeide_1.4.0/plugins/com.st.stm32cube.ide.mcu.externaltools.gnu-tools-for-stm32.7-2018-q2-update.linux64_1.4.0.202007081208/tools/bin/../lib/gcc/arm-none-eabi/7.3.1/../../../../arm-none-eabi/lib/thumb/v7-m/libc_nano.a
LOAD /opt/st/stm32cubeide_1.4.0/plugins/com.st.stm32cube.ide.mcu.externaltools.gnu-tools-for-stm32.7-2018-q2-update.linux64_1.4.0.202007081208/tools/bin/../lib/gcc/arm-none-eabi/7.3.1/../../../../arm-none-eabi/lib/thumb/v7-m/libm.a
END GROUP
START GROUP
LOAD /opt/st/stm32cubeide_1.4.0/plugins/com.st.stm32cube.ide.mcu.externaltools.gnu-tools-for-stm32.7-2018-q2-update.linux64_1.4.0.202007081208/tools/bin/../lib/gcc/arm-none-eabi/7.3.1/thumb/v7-m/libgcc.a
LOAD /opt/st/stm32cubeide_1.4.0/plugins/com.st.stm32cube.ide.mcu.externaltools.gnu-tools-for-stm32.7-2018-q2-update.linux64_1.4.0.202007081208/tools/bin/../lib/gcc/arm-none-eabi/7.3.1/../../../../arm-none-eabi/lib/thumb/v7-m/libc_nano.a
END GROUP
START GROUP
LOAD /opt/st/stm32cubeide_1.4.0/plugins/com.st.stm32cube.ide.mcu.externaltools.gnu-tools-for-stm32.7-2018-q2-update.linux64_1.4.0.202007081208/tools/bin/../lib/gcc/arm-none-eabi/7.3.1/thumb/v7-m/libgcc.a
LOAD /opt/st/stm32cubeide_1.4.0/plugins/com.st.stm32cube.ide.mcu.externaltools.gnu-tools-for-stm32.7-2018-q2-update.linux64_1.4.0.202007081208/tools/bin/../lib/gcc/arm-none-eabi/7.3.1/../../../../arm-none-eabi/lib/thumb/v7-m/libc_nano.a
LOAD /opt/st/stm32cubeide_1.4.0/plugins/com.st.stm32cube.ide.mcu.externaltools.gnu-tools-for-stm32.7-2018-q2-update.linux64_1.4.0.202007081208/tools/bin/../lib/gcc/arm-none-eabi/7.3.1/../../../../arm-none-eabi/lib/thumb/v7-m/libnosys.a
END GROUP
START GROUP
LOAD /opt/st/stm32cubeide_1.4.0/plugins/com.st.stm32cube.ide.mcu.externaltools.gnu-tools-for-stm32.7-2018-q2-update.linux64_1.4.0.202007081208/tools/bin/../lib/gcc/arm-none-eabi/7.3.1/thumb/v7-m/libgcc.a
LOAD /opt/st/stm32cubeide_1.4.0/plugins/com.st.stm32cube.ide.mcu.externaltools.gnu-tools-for-stm32.7-2018-q2-update.linux64_1.4.0.202007081208/tools/bin/../lib/gcc/arm-none-eabi/7.3.1/../../../../arm-none-eabi/lib/thumb/v7-m/libc_nano.a
LOAD /opt/st/stm32cubeide_1.4.0/plugins/com.st.stm32cube.ide.mcu.externaltools.gnu-tools-for-stm32.7-2018-q2-update.linux64_1.4.0.202007081208/tools/bin/../lib/gcc/arm-none-eabi/7.3.1/../../../../arm-none-eabi/lib/thumb/v7-m/libnosys.a
END GROUP
LOAD /opt/st/stm32cubeide_1.4.0/plugins/com.st.stm32cube.ide.mcu.externaltools.gnu-tools-for-stm32.7-2018-q2-update.linux64_1.4.0.202007081208/tools/bin/../lib/gcc/arm-none-eabi/7.3.1/thumb/v7-m/crtend.o
LOAD /opt/st/stm32cubeide_1.4.0/plugins/com.st.stm32cube.ide.mcu.externaltools.gnu-tools-for-stm32.7-2018-q2-update.linux64_1.4.0.202007081208/tools/bin/../lib/gcc/arm-none-eabi/7.3.1/thumb/v7-m/crtn.o
                0x0000000020005000                _estack = (ORIGIN (RAM) + LENGTH (RAM))
                0x0000000000000200                _Min_Heap_Size = 0x200
                0x0000000000000400                _Min_Stack_Size = 0x400

.isr_vector     0x0000000008000000      0x10c
                0x0000000008000000                . = ALIGN (0x4)
 *(.isr_vector)
 .isr_vector    0x0000000008000000      0x10c Core/Startup/startup_stm32f103c8tx.o
                0x0000000008000000                g_pfnVectors
                0x000000000800010c                . = ALIGN (0x4)

.text           0x0000000008000110     0x241c
                0x0000000008000110                . = ALIGN (0x4)
 *(.text)
 .text          0x0000000008000110       0x40 /opt/st/stm32cubeide_1.4.0/plugins/com.st.stm32cube.ide.mcu.externaltools.gnu-tools-for-stm32.7-2018-q2-update.linux64_1.4.0.202007081208/tools/bin/../lib/gcc/arm-none-eabi/7.3.1/thumb/v7-m/crtbegin.o
 .text          0x0000000008000150      0x378 /opt/st/stm32cubeide_1.4.0/plugins/com.st.stm32cube.ide.mcu.externaltools.gnu-tools-for-stm32.7-2018-q2-update.linux64_1.4.0.202007081208/tools/bin/../lib/gcc/arm-none-eabi/7.3.1/thumb/v7-m/libgcc.a(_arm_addsubdf3.o)
                0x0000000008000150                __aeabi_drsub
                0x0000000008000158                __aeabi_dsub
                0x0000000008000158                __subdf3
                0x000000000800015c                __adddf3
                0x000000000800015c                __aeabi_dadd
                0x00000000080003d4                __aeabi_ui2d
                0x00000000080003d4                __floatunsidf
                0x00000000080003f4                __floatsidf
                0x00000000080003f4                __aeabi_i2d
                0x0000000008000418                __extendsfdf2
                0x0000000008000418                __aeabi_f2d
                0x000000000800045c                __aeabi_ul2d
                0x000000000800045c                __floatundidf
                0x000000000800046c                __floatdidf
                0x000000000800046c                __aeabi_l2d
 .text          0x00000000080004c8      0x424 /opt/st/stm32cubeide_1.4.0/plugins/com.st.stm32cube.ide.mcu.externaltools.gnu-tools-for-stm32.7-2018-q2-update.linux64_1.4.0.202007081208/tools/bin/../lib/gcc/arm-none-eabi/7.3.1/thumb/v7-m/libgcc.a(_arm_muldivdf3.o)
                0x00000000080004c8                __aeabi_dmul
                0x00000000080004c8                __muldf3
                0x000000000800071c                __aeabi_ddiv
                0x000000000800071c                __divdf3
 .text          0x00000000080008ec       0x50 /opt/st/stm32cubeide_1.4.0/plugins/com.st.stm32cube.ide.mcu.externaltools.gnu-tools-for-stm32.7-2018-q2-update.linux64_1.4.0.202007081208/tools/bin/../lib/gcc/arm-none-eabi/7.3.1/thumb/v7-m/libgcc.a(_arm_fixdfsi.o)
                0x00000000080008ec                __fixdfsi
                0x00000000080008ec                __aeabi_d2iz
 *(.text*)
 .text.DWT_Delay_Init
                0x000000000800093c       0x40 Core/Src/dwt_stm32_delay.o
                0x000000000800093c                DWT_Delay_Init
 .text.SystemClock_Config
                0x000000000800097c       0x56 Core/Src/main.o
                0x000000000800097c                SystemClock_Config
 *fill*         0x00000000080009d2        0x2 
 .text.startup.main
                0x00000000080009d4      0x1ec Core/Src/main.o
                0x00000000080009d4                main
 .text.RSSI_level
                0x0000000008000bc0       0x88 Core/Src/main.o
                0x0000000008000bc0                RSSI_level
 .text.HAL_TIM_PeriodElapsedCallback
                0x0000000008000c48      0x140 Core/Src/main.o
                0x0000000008000c48                HAL_TIM_PeriodElapsedCallback
 .text.DWT_Delay_us
                0x0000000008000d88       0x30 Core/Src/rf_driver.o
 .text.__spi_write
                0x0000000008000db8       0x60 Core/Src/rf_driver.o
                0x0000000008000db8                __spi_write
 .text.rf_write_strobe
                0x0000000008000e18       0x18 Core/Src/rf_driver.o
                0x0000000008000e18                rf_write_strobe
 .text.rf_reset
                0x0000000008000e30       0x44 Core/Src/rf_driver.o
                0x0000000008000e30                rf_reset
 .text.rf_write_data
                0x0000000008000e74       0x26 Core/Src/rf_driver.o
                0x0000000008000e74                rf_write_data
 *fill*         0x0000000008000e9a        0x2 
 .text.rf_set_modulation_mode
                0x0000000008000e9c       0x20 Core/Src/rf_driver.o
                0x0000000008000e9c                rf_set_modulation_mode
 .text.__spi_read
                0x0000000008000ebc       0x54 Core/Src/rf_driver.o
                0x0000000008000ebc                __spi_read
 .text.rf_read_register
                0x0000000008000f10       0x22 Core/Src/rf_driver.o
                0x0000000008000f10                rf_read_register
 .text.rf_check
                0x0000000008000f32       0x1e Core/Src/rf_driver.o
                0x0000000008000f32                rf_check
 .text.rf_begin
                0x0000000008000f50       0x60 Core/Src/rf_driver.o
                0x0000000008000f50                rf_begin
 .text.HAL_GPIO_EXTI_Callback
                0x0000000008000fb0       0x18 Core/Src/rf_driver.o
                0x0000000008000fb0                HAL_GPIO_EXTI_Callback
 .text.HAL_MspInit
                0x0000000008000fc8       0x44 Core/Src/stm32f1xx_hal_msp.o
                0x0000000008000fc8                HAL_MspInit
 .text.HAL_SPI_MspInit
                0x000000000800100c       0x74 Core/Src/stm32f1xx_hal_msp.o
                0x000000000800100c                HAL_SPI_MspInit
 .text.HAL_TIM_Base_MspInit
                0x0000000008001080       0x40 Core/Src/stm32f1xx_hal_msp.o
                0x0000000008001080                HAL_TIM_Base_MspInit
 .text.HAL_UART_MspInit
                0x00000000080010c0       0x78 Core/Src/stm32f1xx_hal_msp.o
                0x00000000080010c0                HAL_UART_MspInit
 .text.NMI_Handler
                0x0000000008001138        0x2 Core/Src/stm32f1xx_it.o
                0x0000000008001138                NMI_Handler
 .text.HardFault_Handler
                0x000000000800113a        0x2 Core/Src/stm32f1xx_it.o
                0x000000000800113a                HardFault_Handler
 .text.MemManage_Handler
                0x000000000800113c        0x2 Core/Src/stm32f1xx_it.o
                0x000000000800113c                MemManage_Handler
 .text.BusFault_Handler
                0x000000000800113e        0x2 Core/Src/stm32f1xx_it.o
                0x000000000800113e                BusFault_Handler
 .text.UsageFault_Handler
                0x0000000008001140        0x2 Core/Src/stm32f1xx_it.o
                0x0000000008001140                UsageFault_Handler
 .text.SVC_Handler
                0x0000000008001142        0x2 Core/Src/stm32f1xx_it.o
                0x0000000008001142                SVC_Handler
 .text.DebugMon_Handler
                0x0000000008001144        0x2 Core/Src/stm32f1xx_it.o
                0x0000000008001144                DebugMon_Handler
 .text.PendSV_Handler
                0x0000000008001146        0x2 Core/Src/stm32f1xx_it.o
                0x0000000008001146                PendSV_Handler
 .text.SysTick_Handler
                0x0000000008001148        0x4 Core/Src/stm32f1xx_it.o
                0x0000000008001148                SysTick_Handler
 .text.EXTI3_IRQHandler
                0x000000000800114c        0x6 Core/Src/stm32f1xx_it.o
                0x000000000800114c                EXTI3_IRQHandler
 *fill*         0x0000000008001152        0x2 
 .text.TIM4_IRQHandler
                0x0000000008001154        0xc Core/Src/stm32f1xx_it.o
                0x0000000008001154                TIM4_IRQHandler
 .text.SystemInit
                0x0000000008001160       0x4c Core/Src/system_stm32f1xx.o
                0x0000000008001160                SystemInit
 .text.Reset_Handler
                0x00000000080011ac       0x48 Core/Startup/startup_stm32f103c8tx.o
                0x00000000080011ac                Reset_Handler
 .text.Default_Handler
                0x00000000080011f4        0x2 Core/Startup/startup_stm32f103c8tx.o
                0x00000000080011f4                RTC_Alarm_IRQHandler
                0x00000000080011f4                EXTI2_IRQHandler
                0x00000000080011f4                TIM1_CC_IRQHandler
                0x00000000080011f4                PVD_IRQHandler
                0x00000000080011f4                EXTI0_IRQHandler
                0x00000000080011f4                I2C2_EV_IRQHandler
                0x00000000080011f4                ADC1_2_IRQHandler
                0x00000000080011f4                SPI1_IRQHandler
                0x00000000080011f4                TAMPER_IRQHandler
                0x00000000080011f4                DMA1_Channel4_IRQHandler
                0x00000000080011f4                USART3_IRQHandler
                0x00000000080011f4                RTC_IRQHandler
                0x00000000080011f4                DMA1_Channel7_IRQHandler
                0x00000000080011f4                CAN1_RX1_IRQHandler
                0x00000000080011f4                I2C1_EV_IRQHandler
                0x00000000080011f4                DMA1_Channel6_IRQHandler
                0x00000000080011f4                TIM3_IRQHandler
                0x00000000080011f4                RCC_IRQHandler
                0x00000000080011f4                TIM1_TRG_COM_IRQHandler
                0x00000000080011f4                DMA1_Channel1_IRQHandler
                0x00000000080011f4                Default_Handler
                0x00000000080011f4                EXTI15_10_IRQHandler
                0x00000000080011f4                EXTI9_5_IRQHandler
                0x00000000080011f4                SPI2_IRQHandler
                0x00000000080011f4                DMA1_Channel5_IRQHandler
                0x00000000080011f4                EXTI4_IRQHandler
                0x00000000080011f4                USB_LP_CAN1_RX0_IRQHandler
                0x00000000080011f4                USB_HP_CAN1_TX_IRQHandler
                0x00000000080011f4                DMA1_Channel3_IRQHandler
                0x00000000080011f4                TIM1_UP_IRQHandler
                0x00000000080011f4                WWDG_IRQHandler
                0x00000000080011f4                TIM2_IRQHandler
                0x00000000080011f4                TIM1_BRK_IRQHandler
                0x00000000080011f4                EXTI1_IRQHandler
                0x00000000080011f4                USART2_IRQHandler
                0x00000000080011f4                I2C2_ER_IRQHandler
                0x00000000080011f4                DMA1_Channel2_IRQHandler
                0x00000000080011f4                CAN1_SCE_IRQHandler
                0x00000000080011f4                FLASH_IRQHandler
                0x00000000080011f4                USART1_IRQHandler
                0x00000000080011f4                I2C1_ER_IRQHandler
                0x00000000080011f4                USBWakeUp_IRQHandler
 *fill*         0x00000000080011f6        0x2 
 .text.HAL_InitTick
                0x00000000080011f8       0x48 Drivers/STM32F1xx_HAL_Driver/Src/stm32f1xx_hal.o
                0x00000000080011f8                HAL_InitTick
 .text.HAL_Init
                0x0000000008001240       0x24 Drivers/STM32F1xx_HAL_Driver/Src/stm32f1xx_hal.o
                0x0000000008001240                HAL_Init
 .text.HAL_IncTick
                0x0000000008001264       0x18 Drivers/STM32F1xx_HAL_Driver/Src/stm32f1xx_hal.o
                0x0000000008001264                HAL_IncTick
 .text.HAL_GetTick
                0x000000000800127c        0xc Drivers/STM32F1xx_HAL_Driver/Src/stm32f1xx_hal.o
                0x000000000800127c                HAL_GetTick
 .text.HAL_Delay
                0x0000000008001288       0x24 Drivers/STM32F1xx_HAL_Driver/Src/stm32f1xx_hal.o
                0x0000000008001288                HAL_Delay
 .text.HAL_NVIC_SetPriorityGrouping
                0x00000000080012ac       0x24 Drivers/STM32F1xx_HAL_Driver/Src/stm32f1xx_hal_cortex.o
                0x00000000080012ac                HAL_NVIC_SetPriorityGrouping
 .text.HAL_NVIC_SetPriority
                0x00000000080012d0       0x68 Drivers/STM32F1xx_HAL_Driver/Src/stm32f1xx_hal_cortex.o
                0x00000000080012d0                HAL_NVIC_SetPriority
 .text.HAL_NVIC_EnableIRQ
                0x0000000008001338       0x1c Drivers/STM32F1xx_HAL_Driver/Src/stm32f1xx_hal_cortex.o
                0x0000000008001338                HAL_NVIC_EnableIRQ
 .text.HAL_SYSTICK_Config
                0x0000000008001354       0x2c Drivers/STM32F1xx_HAL_Driver/Src/stm32f1xx_hal_cortex.o
                0x0000000008001354                HAL_SYSTICK_Config
 .text.HAL_GPIO_Init
                0x0000000008001380      0x1c0 Drivers/STM32F1xx_HAL_Driver/Src/stm32f1xx_hal_gpio.o
                0x0000000008001380                HAL_GPIO_Init
 .text.HAL_GPIO_ReadPin
                0x0000000008001540        0xc Drivers/STM32F1xx_HAL_Driver/Src/stm32f1xx_hal_gpio.o
                0x0000000008001540                HAL_GPIO_ReadPin
 .text.HAL_GPIO_WritePin
                0x000000000800154c        0xa Drivers/STM32F1xx_HAL_Driver/Src/stm32f1xx_hal_gpio.o
                0x000000000800154c                HAL_GPIO_WritePin
 *fill*         0x0000000008001556        0x2 
 .text.HAL_GPIO_EXTI_IRQHandler
                0x0000000008001558       0x18 Drivers/STM32F1xx_HAL_Driver/Src/stm32f1xx_hal_gpio.o
                0x0000000008001558                HAL_GPIO_EXTI_IRQHandler
 .text.HAL_RCC_OscConfig
                0x0000000008001570      0x33c Drivers/STM32F1xx_HAL_Driver/Src/stm32f1xx_hal_rcc.o
                0x0000000008001570                HAL_RCC_OscConfig
 .text.HAL_RCC_GetSysClockFreq
                0x00000000080018ac       0x74 Drivers/STM32F1xx_HAL_Driver/Src/stm32f1xx_hal_rcc.o
                0x00000000080018ac                HAL_RCC_GetSysClockFreq
 .text.HAL_RCC_ClockConfig
                0x0000000008001920      0x138 Drivers/STM32F1xx_HAL_Driver/Src/stm32f1xx_hal_rcc.o
                0x0000000008001920                HAL_RCC_ClockConfig
 .text.HAL_RCC_GetHCLKFreq
                0x0000000008001a58        0xc Drivers/STM32F1xx_HAL_Driver/Src/stm32f1xx_hal_rcc.o
                0x0000000008001a58                HAL_RCC_GetHCLKFreq
 .text.HAL_RCC_GetPCLK1Freq
                0x0000000008001a64       0x20 Drivers/STM32F1xx_HAL_Driver/Src/stm32f1xx_hal_rcc.o
                0x0000000008001a64                HAL_RCC_GetPCLK1Freq
 .text.HAL_RCC_GetPCLK2Freq
                0x0000000008001a84       0x20 Drivers/STM32F1xx_HAL_Driver/Src/stm32f1xx_hal_rcc.o
                0x0000000008001a84                HAL_RCC_GetPCLK2Freq
 .text.SPI_WaitFlagStateUntilTimeout.constprop.6
                0x0000000008001aa4       0x76 Drivers/STM32F1xx_HAL_Driver/Src/stm32f1xx_hal_spi.o
 .text.SPI_EndRxTransaction
                0x0000000008001b1a       0x4e Drivers/STM32F1xx_HAL_Driver/Src/stm32f1xx_hal_spi.o
 .text.SPI_EndRxTxTransaction
                0x0000000008001b68       0x1c Drivers/STM32F1xx_HAL_Driver/Src/stm32f1xx_hal_spi.o
 .text.HAL_SPI_Init
                0x0000000008001b84       0x76 Drivers/STM32F1xx_HAL_Driver/Src/stm32f1xx_hal_spi.o
                0x0000000008001b84                HAL_SPI_Init
 .text.HAL_SPI_Transmit
                0x0000000008001bfa      0x152 Drivers/STM32F1xx_HAL_Driver/Src/stm32f1xx_hal_spi.o
                0x0000000008001bfa                HAL_SPI_Transmit
 .text.HAL_SPI_TransmitReceive
                0x0000000008001d4c      0x1e0 Drivers/STM32F1xx_HAL_Driver/Src/stm32f1xx_hal_spi.o
                0x0000000008001d4c                HAL_SPI_TransmitReceive
 .text.HAL_SPI_Receive
                0x0000000008001f2c      0x132 Drivers/STM32F1xx_HAL_Driver/Src/stm32f1xx_hal_spi.o
                0x0000000008001f2c                HAL_SPI_Receive
 .text.HAL_TIM_Base_Start_IT
                0x000000000800205e       0x20 Drivers/STM32F1xx_HAL_Driver/Src/stm32f1xx_hal_tim.o
                0x000000000800205e                HAL_TIM_Base_Start_IT
 .text.HAL_TIM_OC_DelayElapsedCallback
                0x000000000800207e        0x2 Drivers/STM32F1xx_HAL_Driver/Src/stm32f1xx_hal_tim.o
                0x000000000800207e                HAL_TIM_OC_DelayElapsedCallback
 .text.HAL_TIM_IC_CaptureCallback
                0x0000000008002080        0x2 Drivers/STM32F1xx_HAL_Driver/Src/stm32f1xx_hal_tim.o
                0x0000000008002080                HAL_TIM_IC_CaptureCallback
 .text.HAL_TIM_PWM_PulseFinishedCallback
                0x0000000008002082        0x2 Drivers/STM32F1xx_HAL_Driver/Src/stm32f1xx_hal_tim.o
                0x0000000008002082                HAL_TIM_PWM_PulseFinishedCallback
 .text.HAL_TIM_TriggerCallback
                0x0000000008002084        0x2 Drivers/STM32F1xx_HAL_Driver/Src/stm32f1xx_hal_tim.o
                0x0000000008002084                HAL_TIM_TriggerCallback
 .text.HAL_TIM_IRQHandler
                0x0000000008002086      0x144 Drivers/STM32F1xx_HAL_Driver/Src/stm32f1xx_hal_tim.o
                0x0000000008002086                HAL_TIM_IRQHandler
 *fill*         0x00000000080021ca        0x2 
 .text.TIM_Base_SetConfig
                0x00000000080021cc       0x70 Drivers/STM32F1xx_HAL_Driver/Src/stm32f1xx_hal_tim.o
                0x00000000080021cc                TIM_Base_SetConfig
 .text.HAL_TIM_Base_Init
                0x000000000800223c       0x34 Drivers/STM32F1xx_HAL_Driver/Src/stm32f1xx_hal_tim.o
                0x000000000800223c                HAL_TIM_Base_Init
 .text.TIM_ETR_SetConfig
                0x0000000008002270       0x14 Drivers/STM32F1xx_HAL_Driver/Src/stm32f1xx_hal_tim.o
                0x0000000008002270                TIM_ETR_SetConfig
 .text.HAL_TIM_ConfigClockSource
                0x0000000008002284      0x128 Drivers/STM32F1xx_HAL_Driver/Src/stm32f1xx_hal_tim.o
                0x0000000008002284                HAL_TIM_ConfigClockSource
 .text.HAL_TIMEx_MasterConfigSynchronization
                0x00000000080023ac       0x3c Drivers/STM32F1xx_HAL_Driver/Src/stm32f1xx_hal_tim_ex.o
                0x00000000080023ac                HAL_TIMEx_MasterConfigSynchronization
 .text.HAL_TIMEx_CommutCallback
                0x00000000080023e8        0x2 Drivers/STM32F1xx_HAL_Driver/Src/stm32f1xx_hal_tim_ex.o
                0x00000000080023e8                HAL_TIMEx_CommutCallback
 .text.HAL_TIMEx_BreakCallback
                0x00000000080023ea        0x2 Drivers/STM32F1xx_HAL_Driver/Src/stm32f1xx_hal_tim_ex.o
                0x00000000080023ea                HAL_TIMEx_BreakCallback
 .text.UART_SetConfig
                0x00000000080023ec       0x74 Drivers/STM32F1xx_HAL_Driver/Src/stm32f1xx_hal_uart.o
 .text.HAL_UART_Init
                0x0000000008002460       0x5c Drivers/STM32F1xx_HAL_Driver/Src/stm32f1xx_hal_uart.o
                0x0000000008002460                HAL_UART_Init
 .text.__libc_init_array
                0x00000000080024bc       0x48 /opt/st/stm32cubeide_1.4.0/plugins/com.st.stm32cube.ide.mcu.externaltools.gnu-tools-for-stm32.7-2018-q2-update.linux64_1.4.0.202007081208/tools/bin/../lib/gcc/arm-none-eabi/7.3.1/../../../../arm-none-eabi/lib/thumb/v7-m/libc_nano.a(lib_a-init.o)
                0x00000000080024bc                __libc_init_array
 .text.memset   0x0000000008002504       0x10 /opt/st/stm32cubeide_1.4.0/plugins/com.st.stm32cube.ide.mcu.externaltools.gnu-tools-for-stm32.7-2018-q2-update.linux64_1.4.0.202007081208/tools/bin/../lib/gcc/arm-none-eabi/7.3.1/../../../../arm-none-eabi/lib/thumb/v7-m/libc_nano.a(lib_a-memset.o)
                0x0000000008002504                memset
 *(.glue_7)
 .glue_7        0x0000000008002514        0x0 linker stubs
 *(.glue_7t)
 .glue_7t       0x0000000008002514        0x0 linker stubs
 *(.eh_frame)
 .eh_frame      0x0000000008002514        0x0 /opt/st/stm32cubeide_1.4.0/plugins/com.st.stm32cube.ide.mcu.externaltools.gnu-tools-for-stm32.7-2018-q2-update.linux64_1.4.0.202007081208/tools/bin/../lib/gcc/arm-none-eabi/7.3.1/thumb/v7-m/crtbegin.o
 *(.init)
 .init          0x0000000008002514        0x4 /opt/st/stm32cubeide_1.4.0/plugins/com.st.stm32cube.ide.mcu.externaltools.gnu-tools-for-stm32.7-2018-q2-update.linux64_1.4.0.202007081208/tools/bin/../lib/gcc/arm-none-eabi/7.3.1/thumb/v7-m/crti.o
                0x0000000008002514                _init
 .init          0x0000000008002518        0x8 /opt/st/stm32cubeide_1.4.0/plugins/com.st.stm32cube.ide.mcu.externaltools.gnu-tools-for-stm32.7-2018-q2-update.linux64_1.4.0.202007081208/tools/bin/../lib/gcc/arm-none-eabi/7.3.1/thumb/v7-m/crtn.o
 *(.fini)
 .fini          0x0000000008002520        0x4 /opt/st/stm32cubeide_1.4.0/plugins/com.st.stm32cube.ide.mcu.externaltools.gnu-tools-for-stm32.7-2018-q2-update.linux64_1.4.0.202007081208/tools/bin/../lib/gcc/arm-none-eabi/7.3.1/thumb/v7-m/crti.o
                0x0000000008002520                _fini
 .fini          0x0000000008002524        0x8 /opt/st/stm32cubeide_1.4.0/plugins/com.st.stm32cube.ide.mcu.externaltools.gnu-tools-for-stm32.7-2018-q2-update.linux64_1.4.0.202007081208/tools/bin/../lib/gcc/arm-none-eabi/7.3.1/thumb/v7-m/crtn.o
                0x000000000800252c                . = ALIGN (0x4)
                0x000000000800252c                _etext = .

.vfp11_veneer   0x000000000800252c        0x0
 .vfp11_veneer  0x000000000800252c        0x0 linker stubs

.v4_bx          0x000000000800252c        0x0
 .v4_bx         0x000000000800252c        0x0 linker stubs

.iplt           0x000000000800252c        0x0
 .iplt          0x000000000800252c        0x0 /opt/st/stm32cubeide_1.4.0/plugins/com.st.stm32cube.ide.mcu.externaltools.gnu-tools-for-stm32.7-2018-q2-update.linux64_1.4.0.202007081208/tools/bin/../lib/gcc/arm-none-eabi/7.3.1/thumb/v7-m/crtbegin.o

.rodata         0x000000000800252c       0x44
                0x000000000800252c                . = ALIGN (0x4)
 *(.rodata)
 .rodata        0x000000000800252c       0x10 Drivers/STM32F1xx_HAL_Driver/Src/stm32f1xx_hal_rcc.o
 *(.rodata*)
 .rodata.CSWTCH.66
                0x000000000800253c       0x1c Core/Src/rf_driver.o
 .rodata.AHBPrescTable
                0x0000000008002558       0x10 Core/Src/system_stm32f1xx.o
                0x0000000008002558                AHBPrescTable
 .rodata.APBPrescTable
                0x0000000008002568        0x8 Core/Src/system_stm32f1xx.o
                0x0000000008002568                APBPrescTable
                0x0000000008002570                . = ALIGN (0x4)

.rel.dyn        0x0000000008002570        0x0
 .rel.iplt      0x0000000008002570        0x0 /opt/st/stm32cubeide_1.4.0/plugins/com.st.stm32cube.ide.mcu.externaltools.gnu-tools-for-stm32.7-2018-q2-update.linux64_1.4.0.202007081208/tools/bin/../lib/gcc/arm-none-eabi/7.3.1/thumb/v7-m/crtbegin.o

.ARM.extab      0x0000000008002570        0x0
                0x0000000008002570                . = ALIGN (0x4)
 *(.ARM.extab* .gnu.linkonce.armextab.*)
                0x0000000008002570                . = ALIGN (0x4)

.ARM            0x0000000008002570        0x0
                0x0000000008002570                . = ALIGN (0x4)
                0x0000000008002570                __exidx_start = .
 *(.ARM.exidx*)
                0x0000000008002570                __exidx_end = .
                0x0000000008002570                . = ALIGN (0x4)

.preinit_array  0x0000000008002570        0x0
                0x0000000008002570                . = ALIGN (0x4)
                0x0000000008002570                PROVIDE (__preinit_array_start = .)
 *(.preinit_array*)
                0x0000000008002570                PROVIDE (__preinit_array_end = .)
                0x0000000008002570                . = ALIGN (0x4)

.init_array     0x0000000008002570        0x4
                0x0000000008002570                . = ALIGN (0x4)
                0x0000000008002570                PROVIDE (__init_array_start = .)
 *(SORT_BY_NAME(.init_array.*))
 *(.init_array*)
 .init_array    0x0000000008002570        0x4 /opt/st/stm32cubeide_1.4.0/plugins/com.st.stm32cube.ide.mcu.externaltools.gnu-tools-for-stm32.7-2018-q2-update.linux64_1.4.0.202007081208/tools/bin/../lib/gcc/arm-none-eabi/7.3.1/thumb/v7-m/crtbegin.o
                0x0000000008002574                PROVIDE (__init_array_end = .)
                0x0000000008002574                . = ALIGN (0x4)

.fini_array     0x0000000008002574        0x4
                0x0000000008002574                . = ALIGN (0x4)
                [!provide]                        PROVIDE (__fini_array_start = .)
 *(SORT_BY_NAME(.fini_array.*))
 *(.fini_array*)
 .fini_array    0x0000000008002574        0x4 /opt/st/stm32cubeide_1.4.0/plugins/com.st.stm32cube.ide.mcu.externaltools.gnu-tools-for-stm32.7-2018-q2-update.linux64_1.4.0.202007081208/tools/bin/../lib/gcc/arm-none-eabi/7.3.1/thumb/v7-m/crtbegin.o
                [!provide]                        PROVIDE (__fini_array_end = .)
                0x0000000008002578                . = ALIGN (0x4)
                0x0000000008002578                _sidata = LOADADDR (.data)

.data           0x0000000020000000      0x158 load address 0x0000000008002578
                0x0000000020000000                . = ALIGN (0x4)
                0x0000000020000000                _sdata = .
 *(.data)
 *(.data*)
 .data.cc1100_AKS_115_kb
                0x0000000020000000       0x2f Core/Src/rf_driver.o
                0x0000000020000000                cc1100_AKS_115_kb
 .data.cc1100_GFSK_100_kb
                0x000000002000002f       0x2f Core/Src/rf_driver.o
                0x000000002000002f                cc1100_GFSK_100_kb
 .data.cc1100_GFSK_1_2_kb
                0x000000002000005e       0x2f Core/Src/rf_driver.o
                0x000000002000005e                cc1100_GFSK_1_2_kb
 .data.cc1100_GFSK_38_4_kb
                0x000000002000008d       0x2f Core/Src/rf_driver.o
                0x000000002000008d                cc1100_GFSK_38_4_kb
 .data.cc1100_MSK_250_kb
                0x00000000200000bc       0x2f Core/Src/rf_driver.o
                0x00000000200000bc                cc1100_MSK_250_kb
 .data.cc1100_MSK_500_kb
                0x00000000200000eb       0x2f Core/Src/rf_driver.o
                0x00000000200000eb                cc1100_MSK_500_kb
 .data.cc1100_OOK_4_8_kb
                0x000000002000011a       0x2f Core/Src/rf_driver.o
                0x000000002000011a                cc1100_OOK_4_8_kb
 *fill*         0x0000000020000149        0x3 
 .data.SystemCoreClock
                0x000000002000014c        0x4 Core/Src/system_stm32f1xx.o
                0x000000002000014c                SystemCoreClock
 .data.uwTickFreq
                0x0000000020000150        0x1 Drivers/STM32F1xx_HAL_Driver/Src/stm32f1xx_hal.o
                0x0000000020000150                uwTickFreq
 *fill*         0x0000000020000151        0x3 
 .data.uwTickPrio
                0x0000000020000154        0x4 Drivers/STM32F1xx_HAL_Driver/Src/stm32f1xx_hal.o
                0x0000000020000154                uwTickPrio
                0x0000000020000158                . = ALIGN (0x4)
                0x0000000020000158                _edata = .

.igot.plt       0x0000000020000158        0x0 load address 0x00000000080026d0
 .igot.plt      0x0000000020000158        0x0 /opt/st/stm32cubeide_1.4.0/plugins/com.st.stm32cube.ide.mcu.externaltools.gnu-tools-for-stm32.7-2018-q2-update.linux64_1.4.0.202007081208/tools/bin/../lib/gcc/arm-none-eabi/7.3.1/thumb/v7-m/crtbegin.o
                0x0000000020000158                . = ALIGN (0x4)

.bss            0x0000000020000158      0x11c load address 0x00000000080026d0
                0x0000000020000158                _sbss = .
                0x0000000020000158                __bss_start__ = _sbss
 *(.bss)
 .bss           0x0000000020000158       0x1c /opt/st/stm32cubeide_1.4.0/plugins/com.st.stm32cube.ide.mcu.externaltools.gnu-tools-for-stm32.7-2018-q2-update.linux64_1.4.0.202007081208/tools/bin/../lib/gcc/arm-none-eabi/7.3.1/thumb/v7-m/crtbegin.o
 *(.bss*)
 .bss.b10ms_clear
                0x0000000020000174        0x1 Core/Src/main.o
                0x0000000020000174                b10ms_clear
 .bss.bLed      0x0000000020000175        0x1 Core/Src/main.o
                0x0000000020000175                bLed
 .bss.contador1000ms
                0x0000000020000176        0x1 Core/Src/main.o
                0x0000000020000176                contador1000ms
 *fill*         0x0000000020000177        0x1 
 .bss.contador10cero_consecutivo
                0x0000000020000178        0x2 Core/Src/main.o
                0x0000000020000178                contador10cero_consecutivo
 .bss.contador200ms
                0x000000002000017a        0x2 Core/Src/main.o
                0x000000002000017a                contador200ms
 .bss.contador500ms
                0x000000002000017c        0x2 Core/Src/main.o
                0x000000002000017c                contador500ms
 .bss.GDO0_FLAG
                0x000000002000017e        0x1 Core/Src/rf_driver.o
                0x000000002000017e                GDO0_FLAG
 *(COMMON)
 *fill*         0x000000002000017f        0x1 
 COMMON         0x0000000020000180       0xe4 Core/Src/main.o
                0x0000000020000180                promedio
                0x0000000020000184                htim4
                0x00000000200001c4                huart1
                0x0000000020000204                contador500ms_start
                0x0000000020000208                hspi1
                0x0000000020000260                banderadeuno
                0x0000000020000262                promediador
 COMMON         0x0000000020000264        0xc Core/Src/rf_driver.o
                0x0000000020000264                CS_GPIO_Port
                0x0000000020000268                hal_spi
                0x000000002000026c                GDO0_Pin
                0x000000002000026e                CS_Pin
 COMMON         0x0000000020000270        0x4 Drivers/STM32F1xx_HAL_Driver/Src/stm32f1xx_hal.o
                0x0000000020000270                uwTick
                0x0000000020000274                . = ALIGN (0x4)
                0x0000000020000274                _ebss = .
                0x0000000020000274                __bss_end__ = _ebss

._user_heap_stack
                0x0000000020000274      0x604 load address 0x00000000080026d0
                0x0000000020000278                . = ALIGN (0x8)
 *fill*         0x0000000020000274        0x4 
                0x0000000020000278                PROVIDE (end = .)
                [!provide]                        PROVIDE (_end = .)
                0x0000000020000478                . = (. + _Min_Heap_Size)
 *fill*         0x0000000020000278      0x200 
                0x0000000020000878                . = (. + _Min_Stack_Size)
 *fill*         0x0000000020000478      0x400 
                0x0000000020000878                . = ALIGN (0x8)

/DISCARD/
 libc.a(*)
 libm.a(*)
 libgcc.a(*)

.ARM.attributes
                0x0000000000000000       0x29
 *(.ARM.attributes)
 .ARM.attributes
                0x0000000000000000       0x1d /opt/st/stm32cubeide_1.4.0/plugins/com.st.stm32cube.ide.mcu.externaltools.gnu-tools-for-stm32.7-2018-q2-update.linux64_1.4.0.202007081208/tools/bin/../lib/gcc/arm-none-eabi/7.3.1/thumb/v7-m/crti.o
 .ARM.attributes
                0x000000000000001d       0x2d /opt/st/stm32cubeide_1.4.0/plugins/com.st.stm32cube.ide.mcu.externaltools.gnu-tools-for-stm32.7-2018-q2-update.linux64_1.4.0.202007081208/tools/bin/../lib/gcc/arm-none-eabi/7.3.1/thumb/v7-m/crtbegin.o
 .ARM.attributes
                0x000000000000004a       0x33 Core/Src/dwt_stm32_delay.o
 .ARM.attributes
                0x000000000000007d       0x33 Core/Src/main.o
 .ARM.attributes
                0x00000000000000b0       0x33 Core/Src/rf_driver.o
 .ARM.attributes
                0x00000000000000e3       0x33 Core/Src/stm32f1xx_hal_msp.o
 .ARM.attributes
                0x0000000000000116       0x33 Core/Src/stm32f1xx_it.o
 .ARM.attributes
                0x0000000000000149       0x33 Core/Src/system_stm32f1xx.o
 .ARM.attributes
                0x000000000000017c       0x21 Core/Startup/startup_stm32f103c8tx.o
 .ARM.attributes
                0x000000000000019d       0x33 Drivers/STM32F1xx_HAL_Driver/Src/stm32f1xx_hal.o
 .ARM.attributes
                0x00000000000001d0       0x33 Drivers/STM32F1xx_HAL_Driver/Src/stm32f1xx_hal_cortex.o
 .ARM.attributes
                0x0000000000000203       0x33 Drivers/STM32F1xx_HAL_Driver/Src/stm32f1xx_hal_gpio.o
 .ARM.attributes
                0x0000000000000236       0x33 Drivers/STM32F1xx_HAL_Driver/Src/stm32f1xx_hal_rcc.o
 .ARM.attributes
                0x0000000000000269       0x33 Drivers/STM32F1xx_HAL_Driver/Src/stm32f1xx_hal_spi.o
 .ARM.attributes
                0x000000000000029c       0x33 Drivers/STM32F1xx_HAL_Driver/Src/stm32f1xx_hal_tim.o
 .ARM.attributes
                0x00000000000002cf       0x33 Drivers/STM32F1xx_HAL_Driver/Src/stm32f1xx_hal_tim_ex.o
 .ARM.attributes
                0x0000000000000302       0x33 Drivers/STM32F1xx_HAL_Driver/Src/stm32f1xx_hal_uart.o
 .ARM.attributes
                0x0000000000000335       0x2d /opt/st/stm32cubeide_1.4.0/plugins/com.st.stm32cube.ide.mcu.externaltools.gnu-tools-for-stm32.7-2018-q2-update.linux64_1.4.0.202007081208/tools/bin/../lib/gcc/arm-none-eabi/7.3.1/../../../../arm-none-eabi/lib/thumb/v7-m/libc_nano.a(lib_a-init.o)
 .ARM.attributes
                0x0000000000000362       0x2d /opt/st/stm32cubeide_1.4.0/plugins/com.st.stm32cube.ide.mcu.externaltools.gnu-tools-for-stm32.7-2018-q2-update.linux64_1.4.0.202007081208/tools/bin/../lib/gcc/arm-none-eabi/7.3.1/../../../../arm-none-eabi/lib/thumb/v7-m/libc_nano.a(lib_a-memset.o)
 .ARM.attributes
                0x000000000000038f       0x1d /opt/st/stm32cubeide_1.4.0/plugins/com.st.stm32cube.ide.mcu.externaltools.gnu-tools-for-stm32.7-2018-q2-update.linux64_1.4.0.202007081208/tools/bin/../lib/gcc/arm-none-eabi/7.3.1/thumb/v7-m/libgcc.a(_arm_addsubdf3.o)
 .ARM.attributes
                0x00000000000003ac       0x1d /opt/st/stm32cubeide_1.4.0/plugins/com.st.stm32cube.ide.mcu.externaltools.gnu-tools-for-stm32.7-2018-q2-update.linux64_1.4.0.202007081208/tools/bin/../lib/gcc/arm-none-eabi/7.3.1/thumb/v7-m/libgcc.a(_arm_muldivdf3.o)
 .ARM.attributes
                0x00000000000003c9       0x1d /opt/st/stm32cubeide_1.4.0/plugins/com.st.stm32cube.ide.mcu.externaltools.gnu-tools-for-stm32.7-2018-q2-update.linux64_1.4.0.202007081208/tools/bin/../lib/gcc/arm-none-eabi/7.3.1/thumb/v7-m/libgcc.a(_arm_fixdfsi.o)
 .ARM.attributes
                0x00000000000003e6       0x1d /opt/st/stm32cubeide_1.4.0/plugins/com.st.stm32cube.ide.mcu.externaltools.gnu-tools-for-stm32.7-2018-q2-update.linux64_1.4.0.202007081208/tools/bin/../lib/gcc/arm-none-eabi/7.3.1/thumb/v7-m/crtn.o
OUTPUT(prueba_interruptiontime.elf elf32-littlearm)

.comment        0x0000000000000000       0x7b
 .comment       0x0000000000000000       0x7b Core/Src/dwt_stm32_delay.o
                                         0x7c (size before relaxing)
 .comment       0x000000000000007b       0x7c Core/Src/main.o
 .comment       0x000000000000007b       0x7c Core/Src/rf_driver.o
 .comment       0x000000000000007b       0x7c Core/Src/stm32f1xx_hal_msp.o
 .comment       0x000000000000007b       0x7c Core/Src/stm32f1xx_it.o
 .comment       0x000000000000007b       0x7c Core/Src/system_stm32f1xx.o
 .comment       0x000000000000007b       0x7c Drivers/STM32F1xx_HAL_Driver/Src/stm32f1xx_hal.o
 .comment       0x000000000000007b       0x7c Drivers/STM32F1xx_HAL_Driver/Src/stm32f1xx_hal_cortex.o
 .comment       0x000000000000007b       0x7c Drivers/STM32F1xx_HAL_Driver/Src/stm32f1xx_hal_gpio.o
 .comment       0x000000000000007b       0x7c Drivers/STM32F1xx_HAL_Driver/Src/stm32f1xx_hal_rcc.o
 .comment       0x000000000000007b       0x7c Drivers/STM32F1xx_HAL_Driver/Src/stm32f1xx_hal_spi.o
 .comment       0x000000000000007b       0x7c Drivers/STM32F1xx_HAL_Driver/Src/stm32f1xx_hal_tim.o
 .comment       0x000000000000007b       0x7c Drivers/STM32F1xx_HAL_Driver/Src/stm32f1xx_hal_tim_ex.o
 .comment       0x000000000000007b       0x7c Drivers/STM32F1xx_HAL_Driver/Src/stm32f1xx_hal_uart.o

.debug_frame    0x0000000000000000      0x16c
 .debug_frame   0x0000000000000000       0x2c /opt/st/stm32cubeide_1.4.0/plugins/com.st.stm32cube.ide.mcu.externaltools.gnu-tools-for-stm32.7-2018-q2-update.linux64_1.4.0.202007081208/tools/bin/../lib/gcc/arm-none-eabi/7.3.1/../../../../arm-none-eabi/lib/thumb/v7-m/libc_nano.a(lib_a-init.o)
 .debug_frame   0x000000000000002c       0x20 /opt/st/stm32cubeide_1.4.0/plugins/com.st.stm32cube.ide.mcu.externaltools.gnu-tools-for-stm32.7-2018-q2-update.linux64_1.4.0.202007081208/tools/bin/../lib/gcc/arm-none-eabi/7.3.1/../../../../arm-none-eabi/lib/thumb/v7-m/libc_nano.a(lib_a-memset.o)
 .debug_frame   0x000000000000004c       0xac /opt/st/stm32cubeide_1.4.0/plugins/com.st.stm32cube.ide.mcu.externaltools.gnu-tools-for-stm32.7-2018-q2-update.linux64_1.4.0.202007081208/tools/bin/../lib/gcc/arm-none-eabi/7.3.1/thumb/v7-m/libgcc.a(_arm_addsubdf3.o)
 .debug_frame   0x00000000000000f8       0x50 /opt/st/stm32cubeide_1.4.0/plugins/com.st.stm32cube.ide.mcu.externaltools.gnu-tools-for-stm32.7-2018-q2-update.linux64_1.4.0.202007081208/tools/bin/../lib/gcc/arm-none-eabi/7.3.1/thumb/v7-m/libgcc.a(_arm_muldivdf3.o)
 .debug_frame   0x0000000000000148       0x24 /opt/st/stm32cubeide_1.4.0/plugins/com.st.stm32cube.ide.mcu.externaltools.gnu-tools-for-stm32.7-2018-q2-update.linux64_1.4.0.202007081208/tools/bin/../lib/gcc/arm-none-eabi/7.3.1/thumb/v7-m/libgcc.a(_arm_fixdfsi.o)
