dwt_stm32_delay.h:27:22:DWT_Delay_us	24	static
rf_driver.c:730:6:rf_wakeup	16	static
rf_driver.c:913:9:rf_incoming_packet	0	static
rf_driver.c:967:10:_get_frame_size	8	static
rf_driver.c:1176:19:__spi_write	32	static
rf_driver.c:1116:6:rf_write_strobe	16	static
rf_driver.c:455:6:rf_reset	16	static
rf_driver.c:1136:6:rf_write_register	16	static
rf_driver.c:583:6:rf_set_channel	0	static
rf_driver.c:590:6:rf_set_output_power_level	0	static
rf_driver.c:609:7:rf_set_carrier_offset	8	static
rf_driver.c:621:7:rf_set_carrier_frequency	8	static
rf_driver.c:1159:6:rf_write_data	16	static
rf_driver.c:496:6:rf_set_modulation_mode	0	static
rf_driver.c:537:6:rf_set_ISMband	16	static
rf_driver.c:799:9:_keep_transmiting_data	40	static
rf_driver.c:1187:19:__spi_read	32	static
rf_driver.c:1125:9:rf_read_register	24	static
rf_driver.c:473:9:rf_check	16	static
rf_driver.c:411:9:rf_begin	16	static
rf_driver.c:638:7:rf_set_channel_spacing	40	static
rf_driver.c:686:6:rf_sidle	8	static
rf_driver.c:666:6:rf_set_preamble	0	static
rf_driver.c:724:6:rf_power_down	8	static
rf_driver.c:749:6:rf_wor_enable	8	static
rf_driver.c:781:6:rf_wor_disable	8	static
rf_driver.c:787:6:rf_wor_reset	8	static
rf_driver.c:675:6:rf_set_preamble_threshold	0	static
rf_driver.c:703:6:rf_receive	8	static
rf_driver.c:831:21:send_frame	24	static
rf_driver.c:946:9:polling_while_lower	24	static
rf_driver.c:958:9:polling_while_bigger	16	static
rf_driver.c:1144:6:rf_read_data	16	static
rf_driver.c:742:9:rf_get_settings	8	static
rf_driver.c:918:10:_keep_receiving_data	40	static
rf_driver.c:982:21:receive_frame	40	static
rf_driver.c:1200:6:HAL_GPIO_EXTI_Callback	0	static
