dwt_stm32_delay.h:27:22:DWT_Delay_us	24	static
rf_driver.c:728:6:rf_wakeup	16	static
rf_driver.c:911:9:rf_incoming_packet	0	static
rf_driver.c:965:10:_get_frame_size	8	static
rf_driver.c:1174:19:__spi_write	32	static
rf_driver.c:1114:6:rf_write_strobe	16	static
rf_driver.c:452:6:rf_reset	16	static
rf_driver.c:1134:6:rf_write_register	16	static
rf_driver.c:581:6:rf_set_channel	0	static
rf_driver.c:588:6:rf_set_output_power_level	0	static
rf_driver.c:607:7:rf_set_carrier_offset	8	static
rf_driver.c:619:7:rf_set_carrier_frequency	8	static
rf_driver.c:1157:6:rf_write_data	16	static
rf_driver.c:493:6:rf_set_modulation_mode	0	static
rf_driver.c:535:6:rf_set_ISMband	16	static
rf_driver.c:797:9:_keep_transmiting_data	40	static
rf_driver.c:1185:19:__spi_read	32	static
rf_driver.c:1123:9:rf_read_register	24	static
rf_driver.c:470:9:rf_check	16	static
rf_driver.c:411:9:rf_begin	8	static
rf_driver.c:636:7:rf_set_channel_spacing	40	static
rf_driver.c:684:6:rf_sidle	8	static
rf_driver.c:664:6:rf_set_preamble	0	static
rf_driver.c:722:6:rf_power_down	8	static
rf_driver.c:747:6:rf_wor_enable	8	static
rf_driver.c:779:6:rf_wor_disable	8	static
rf_driver.c:785:6:rf_wor_reset	8	static
rf_driver.c:673:6:rf_set_preamble_threshold	0	static
rf_driver.c:701:6:rf_receive	8	static
rf_driver.c:829:21:send_frame	24	static
rf_driver.c:944:9:polling_while_lower	24	static
rf_driver.c:956:9:polling_while_bigger	16	static
rf_driver.c:1142:6:rf_read_data	16	static
rf_driver.c:740:9:rf_get_settings	8	static
rf_driver.c:916:10:_keep_receiving_data	40	static
rf_driver.c:980:21:receive_frame	40	static
rf_driver.c:1198:6:HAL_GPIO_EXTI_Callback	0	static
rf_driver.c:1260:6:test_cargar_cfg	16	static
rf_driver.c:1268:6:test_cfg	8	static
